MPLINK 5.00, LINKER
Linker Map File - Created Sun Nov 13 01:04:31 2022

                                 Section Info
                  Section       Type    Address   Location Size(Bytes)
                ---------  ---------  ---------  ---------  ---------
               _entry_scn       code   0x000000    program   0x000006
           .code___init.o       code   0x000006    program   0x000002
              high_vector       code   0x000008    program   0x00001e
                   .cinit    romdata   0x000026    program   0x000032
            .code_tasks.o       code   0x000058    program   0x002ad2
            .code_queue.o       code   0x002b2a    program   0x001832
             .code_port.o       code   0x00435c    program   0x00071e
           .code_serial.o       code   0x004a7a    program   0x000352
            .code_PollQ.o       code   0x004dcc    program   0x00029e
          .code_integer.o       code   0x00506a    program   0x000244
             .code_list.o       code   0x0052ae    program   0x000238
            .code_main1.o       code   0x0054e6    program   0x000182
           .code_heap_1.o       code   0x005668    program   0x00010c
          .code_ParTest.o       code   0x005774    program   0x0000cc
               _cinit_scn       code   0x005840    program   0x00009e
                   STRING       code   0x0058de    program   0x00008a
          .code_fxm3232.o       code   0x005968    program   0x000070
                     PROG       code   0x0059d8    program   0x000068
         .code_fxd3232u.o       code   0x005a40    program   0x000048
           .code_t1open.o       code   0x005a88    program   0x000042
             .stringtable    romdata   0x005aca    program   0x000023
      .romdata_fxd3232u.o    romdata   0x005aed    program   0x000000
        .idata_t1open.o_i    romdata   0x005aed    program   0x000000
      .romdata_fxd0808u.o    romdata   0x005aed    program   0x000000
        .romdata_t1open.o    romdata   0x005aed    program   0x000000
        .romdata_heap_1.o    romdata   0x005aed    program   0x000000
       .romdata_fxm3232.o    romdata   0x005aed    program   0x000000
       .romdata_integer.o    romdata   0x005aed    program   0x000000
       .idata_integer.o_i    romdata   0x005aed    program   0x000001
        .romdata___init.o    romdata   0x005aed    program   0x000000
        .romdata_serial.o    romdata   0x005aed    program   0x000000
        .idata_serial.o_i    romdata   0x005aed    program   0x000000
          .idata_list.o_i    romdata   0x005aed    program   0x000000
         .romdata_queue.o    romdata   0x005aed    program   0x000000
          .romdata_list.o    romdata   0x005aed    program   0x000000
          .idata_port.o_i    romdata   0x005aed    program   0x000000
         .idata_queue.o_i    romdata   0x005aed    program   0x000000
          .romdata_port.o    romdata   0x005aed    program   0x000000
         .romdata_tasks.o    romdata   0x005aed    program   0x000000
         .romdata_PollQ.o    romdata   0x005aed    program   0x000000
         .idata_main1.o_i    romdata   0x005aed    program   0x000000
         .romdata_main1.o    romdata   0x005aed    program   0x000000
         .romdata_c018i.o    romdata   0x005aed    program   0x000000
       .romdata_ParTest.o    romdata   0x005aed    program   0x000000
                    .code       code   0x005aee    program   0x000020
             _startup_scn       code   0x005b0e    program   0x00001c
         .code_fxd0808u.o       code   0x005b2a    program   0x00001c
         .idata_tasks.o_i    romdata   0x005b46    program   0x000013
        .idata_heap_1.o_i    romdata   0x005b59    program   0x000004
        .idata___init.o_i    romdata   0x005b5d    program   0x000000
         .idata_c018i.o_i    romdata   0x005b5d    program   0x000000
       .idata_fxm3232.o_i    romdata   0x005b5d    program   0x000000
      .idata_fxd3232u.o_i    romdata   0x005b5d    program   0x000000
         .idata_PollQ.o_i    romdata   0x005b5d    program   0x000002
      .idata_fxd0808u.o_i    romdata   0x005b5d    program   0x000000
       .idata_ParTest.o_i    romdata   0x005b5f    program   0x000000
            .code_c018i.o       code   0x005b60    program   0x000000
   .config_300001_main1.o    romdata   0x300001    program   0x000001
   .config_300002_main1.o    romdata   0x300002    program   0x000001
   .config_300003_main1.o    romdata   0x300003    program   0x000001
                MATH_DATA      udata   0x000000       data   0x000010
                 .tmpdata      udata   0x000010       data   0x000008
         vSerialTxISR_tmp      udata   0x000018       data   0x000001
         vSerialRxISR_tmp      udata   0x000019       data   0x000001
                   .stack      udata   0x000080       data   0x000100
          .udata_heap_1.o      udata   0x000180       data   0x000400
           .udata_tasks.o      udata   0x000580       data   0x00004c
           .idata_tasks.o      idata   0x0005cc       data   0x000013
           .udata_c018i.o      udata   0x0005df       data   0x00000a
          .udata_serial.o      udata   0x0005e9       data   0x000004
          .idata_heap_1.o      idata   0x0005ed       data   0x000004
           .udata_PollQ.o      udata   0x0005f1       data   0x000002
           .idata_PollQ.o      idata   0x0005f3       data   0x000002
         .idata_integer.o      idata   0x0005f5       data   0x000001
           .udata_queue.o      udata   0x0005f6       data   0x000000
          .idata___init.o      idata   0x0005f6       data   0x000000
          .udata___init.o      udata   0x0005f6       data   0x000000
          .idata_t1open.o      idata   0x0005f6       data   0x000000
          .udata_t1open.o      udata   0x0005f6       data   0x000000
         .idata_fxm3232.o      idata   0x0005f6       data   0x000000
         .udata_fxm3232.o      udata   0x0005f6       data   0x000000
        .idata_fxd3232u.o      idata   0x0005f6       data   0x000000
        .udata_fxd3232u.o      udata   0x0005f6       data   0x000000
        .idata_fxd0808u.o      idata   0x0005f6       data   0x000000
        .udata_fxd0808u.o      udata   0x0005f6       data   0x000000
           .idata_queue.o      idata   0x0005f6       data   0x000000
         .udata_integer.o      udata   0x0005f6       data   0x000000
           .idata_c018i.o      idata   0x0005f6       data   0x000000
            .udata_list.o      udata   0x0005f6       data   0x000000
          .idata_serial.o      idata   0x0005f6       data   0x000000
         .idata_ParTest.o      idata   0x0005f6       data   0x000000
         .udata_ParTest.o      udata   0x0005f6       data   0x000000
           .idata_main1.o      idata   0x0005f6       data   0x000000
           .udata_main1.o      udata   0x0005f6       data   0x000000
            .idata_port.o      idata   0x0005f6       data   0x000000
            .udata_port.o      udata   0x0005f6       data   0x000000
            .idata_list.o      idata   0x0005f6       data   0x000000
            SFR_UNBANKED0      udata   0x000f80       data   0x000080



                              Program Memory Usage 
                               Start         End      
                           ---------   ---------      
                            0x000000    0x005b5e      
                            0x300001    0x300003      
            23394 out of 66584 program addresses used, program memory utilization is 35%



                              Symbols - Sorted by Name
                     Name    Address   Location    Storage File                     
                ---------  ---------  ---------  --------- ---------                
                   D3232S   0x005a08    program     static E:\3.46\pic18-lt\cxx-framework\src\traditional\math\fxd3232s.asm
                D3232SNEG   0x005a16    program     static E:\3.46\pic18-lt\cxx-framework\src\traditional\math\fxd3232s.asm
                 D3232SOK   0x005a12    program     static E:\3.46\pic18-lt\cxx-framework\src\traditional\math\fxd3232s.asm
                  D3232SX   0x005a36    program     static E:\3.46\pic18-lt\cxx-framework\src\traditional\math\fxd3232s.asm
                  DA3232S   0x0059f2    program     static E:\3.46\pic18-lt\cxx-framework\src\traditional\math\fxd3232s.asm
                 FXD0808U   0x005b2a    program     extern E:\3.46\pic18-lt\cxx-framework\src\traditional\math\fxd0808u.c
                 FXD3232S   0x0059d8    program     extern E:\3.46\pic18-lt\cxx-framework\src\traditional\math\fxd3232s.asm
                 FXD3232U   0x005a40    program     extern E:\3.46\pic18-lt\cxx-framework\src\traditional\math\fxd3232u.c
                  FXM3232   0x005968    program     extern E:\3.46\pic18-lt\cxx-framework\src\traditional\math\fxm3232.c
               OpenTimer1   0x005a88    program     extern E:\3.46\pic18-lt\cxx-framework\src\pmc_common\Timers\t1open.c
              _2jContinue   0x005954    program     static E:\3.46\pic18-lt\cxx-framework\src\traditional\stdclib\memset.asm
                   _3jEnd   0x00595e    program     static E:\3.46\pic18-lt\cxx-framework\src\traditional\stdclib\memset.asm
              _4jContinue   0x005912    program     static E:\3.46\pic18-lt\cxx-framework\src\traditional\stdclib\memcpy.asm
                   _5jEnd   0x00591c    program     static E:\3.46\pic18-lt\cxx-framework\src\traditional\stdclib\memcpy.asm
           ___?:_lbl00003   0x002d50    program     static                          
           ___?:_lbl00004   0x002d4e    program     static                          
           ___?:_lbl00028   0x003042    program     static                          
           ___?:_lbl00029   0x003040    program     static                          
           ___?:_lbl00033   0x0005aa    program     static                          
           ___?:_lbl00034   0x00059e    program     static                          
           ___?:_lbl00074   0x0008c2    program     static                          
           ___?:_lbl00075   0x0008c0    program     static                          
           ___?:_lbl00084   0x00343a    program     static                          
           ___?:_lbl00085   0x003438    program     static                          
           ___?:_lbl00114   0x0036de    program     static                          
           ___?:_lbl00115   0x0036dc    program     static                          
           ___?:_lbl00144   0x0039cc    program     static                          
           ___?:_lbl00145   0x0039ca    program     static                          
           ___?:_lbl00213   0x003f2c    program     static                          
           ___?:_lbl00214   0x003f2a    program     static                          
           ___?:_lbl00222   0x003fe4    program     static                          
           ___?:_lbl00223   0x003fe2    program     static                          
           ___?:_lbl00252   0x0022f2    program     static                          
           ___?:_lbl00253   0x0022e6    program     static                          
           ___?:_lbl00258   0x0023ca    program     static                          
           ___?:_lbl00259   0x0023be    program     static                          
       ___case_0_lbl00214   0x001d96    program     static                          
       ___case_1_lbl00208   0x001c86    program     static                          
       ___case_2_lbl00209   0x001cca    program     static                          
       ___case_3_lbl00210   0x001d00    program     static                          
       ___case_4_lbl00213   0x001d44    program     static                          
      ___default_lbl00215   0x001d98    program     static                          
           ___do_lbl00082   0x000dbe    program     static                          
           ___do_lbl00083   0x000dd6    program     static                          
           ___do_lbl00086   0x000da6    program     static                          
         ___else_lbl00006   0x002d8a    program     static                          
         ___else_lbl00008   0x002d8c    program     static                          
         ___else_lbl00008   0x0045c0    program     static                          
         ___else_lbl00010   0x002d8e    program     static                          
         ___else_lbl00010   0x004eba    program     static                          
         ___else_lbl00013   0x002dee    program     static                          
         ___else_lbl00016   0x00477a    program     static                          
         ___else_lbl00019   0x00031c    program     static                          
         ___else_lbl00021   0x00035c    program     static                          
         ___else_lbl00021   0x004fb8    program     static                          
         ___else_lbl00023   0x00035e    program     static                          
         ___else_lbl00025   0x00031e    program     static                          
         ___else_lbl00029   0x000556    program     static                          
         ___else_lbl00029   0x004938    program     static                          
         ___else_lbl00031   0x000558    program     static                          
         ___else_lbl00031   0x00307c    program     static                          
         ___else_lbl00033   0x00308a    program     static                          
         ___else_lbl00035   0x00307e    program     static                          
         ___else_lbl00036   0x0005e0    program     static                          
         ___else_lbl00038   0x000628    program     static                          
         ___else_lbl00039   0x0030d2    program     static                          
         ___else_lbl00040   0x00067c    program     static                          
         ___else_lbl00041   0x0030b4    program     static                          
         ___else_lbl00043   0x003096    program     static                          
         ___else_lbl00044   0x0006d2    program     static                          
         ___else_lbl00050   0x0031e6    program     static                          
         ___else_lbl00052   0x003200    program     static                          
         ___else_lbl00080   0x000d6e    program     static                          
         ___else_lbl00085   0x000db4    program     static                          
         ___else_lbl00087   0x003474    program     static                          
         ___else_lbl00088   0x000dde    program     static                          
         ___else_lbl00089   0x003476    program     static                          
         ___else_lbl00090   0x000df4    program     static                          
         ___else_lbl00093   0x000df6    program     static                          
         ___else_lbl00093   0x0034be    program     static                          
         ___else_lbl00095   0x0034a0    program     static                          
         ___else_lbl00097   0x003482    program     static                          
         ___else_lbl00103   0x0035d2    program     static                          
         ___else_lbl00105   0x0035d4    program     static                          
         ___else_lbl00107   0x003624    program     static                          
         ___else_lbl00109   0x0035ee    program     static                          
         ___else_lbl00117   0x003718    program     static                          
         ___else_lbl00119   0x00371a    program     static                          
         ___else_lbl00123   0x003762    program     static                          
         ___else_lbl00125   0x003744    program     static                          
         ___else_lbl00127   0x003726    program     static                          
         ___else_lbl00133   0x003874    program     static                          
         ___else_lbl00135   0x003876    program     static                          
         ___else_lbl00137   0x0038c0    program     static                          
         ___else_lbl00139   0x00388e    program     static                          
         ___else_lbl00147   0x003a06    program     static                          
         ___else_lbl00149   0x003a08    program     static                          
         ___else_lbl00153   0x003a50    program     static                          
         ___else_lbl00155   0x003a32    program     static                          
         ___else_lbl00157   0x003a14    program     static                          
         ___else_lbl00158   0x00152c    program     static                          
         ___else_lbl00160   0x0014cc    program     static                          
         ___else_lbl00163   0x003b60    program     static                          
         ___else_lbl00165   0x003b62    program     static                          
         ___else_lbl00167   0x003bac    program     static                          
         ___else_lbl00169   0x003b7a    program     static                          
         ___else_lbl00186   0x0017be    program     static                          
         ___else_lbl00188   0x0017c0    program     static                          
         ___else_lbl00191   0x001868    program     static                          
         ___else_lbl00193   0x0018ca    program     static                          
         ___else_lbl00197   0x001a2c    program     static                          
         ___else_lbl00199   0x001a2e    program     static                          
         ___else_lbl00203   0x001ad4    program     static                          
         ___else_lbl00212   0x001d90    program     static                          
         ___else_lbl00216   0x003f66    program     static                          
         ___else_lbl00218   0x003f68    program     static                          
         ___else_lbl00219   0x0020d2    program     static                          
         ___else_lbl00221   0x0020d4    program     static                          
         ___else_lbl00225   0x00401e    program     static                          
         ___else_lbl00227   0x004024    program     static                          
         ___else_lbl00231   0x00408a    program     static                          
         ___else_lbl00238   0x004106    program     static                          
         ___else_lbl00255   0x002364    program     static                          
          ___for_lbl00003   0x004eec    program     static                          
          ___for_lbl00004   0x004eee    program     static                          
          ___for_lbl00005   0x004ed8    program     static                          
          ___for_lbl00005   0x005210    program     static                          
          ___for_lbl00006   0x004ede    program     static                          
          ___for_lbl00006   0x005212    program     static                          
          ___for_lbl00010   0x005122    program     static                          
          ___for_lbl00011   0x004e58    program     static                          
          ___for_lbl00012   0x004e54    program     static                          
          ___for_lbl00014   0x004fe8    program     static                          
          ___for_lbl00015   0x004fea    program     static                          
          ___for_lbl00023   0x004f2c    program     static                          
          ___for_lbl00025   0x00321c    program     static                          
          ___for_lbl00026   0x00321e    program     static                          
          ___for_lbl00053   0x002faa    program     static                          
          ___for_lbl00082   0x003624    program     static                          
          ___for_lbl00083   0x003626    program     static                          
          ___for_lbl00110   0x0033b0    program     static                          
          ___for_lbl00112   0x0038c0    program     static                          
          ___for_lbl00113   0x0038c2    program     static                          
          ___for_lbl00140   0x003678    program     static                          
          ___for_lbl00142   0x003bac    program     static                          
          ___for_lbl00143   0x003bae    program     static                          
          ___for_lbl00170   0x003914    program     static                          
           ___if_lbl00001   0x004b78    program     static                          
           ___if_lbl00005   0x002d8a    program     static                          
           ___if_lbl00007   0x002d8c    program     static                          
           ___if_lbl00007   0x0045ca    program     static                          
           ___if_lbl00007   0x0051e2    program     static                          
           ___if_lbl00007   0x004ed0    program     static                          
           ___if_lbl00008   0x005210    program     static                          
           ___if_lbl00008   0x004ed0    program     static                          
           ___if_lbl00009   0x004ed8    program     static                          
           ___if_lbl00009   0x005210    program     static                          
           ___if_lbl00009   0x002de6    program     static                          
           ___if_lbl00011   0x002dec    program     static                          
           ___if_lbl00012   0x002df0    program     static                          
           ___if_lbl00015   0x004784    program     static                          
           ___if_lbl00018   0x000010    program     static                          
           ___if_lbl00018   0x00031c    program     static                          
           ___if_lbl00018   0x004fce    program     static                          
           ___if_lbl00019   0x000018    program     static                          
           ___if_lbl00019   0x004fce    program     static                          
           ___if_lbl00020   0x00035c    program     static                          
           ___if_lbl00020   0x004fce    program     static                          
           ___if_lbl00020   0x000024    program     static                          
           ___if_lbl00021   0x000024    program     static                          
           ___if_lbl00022   0x00035e    program     static                          
           ___if_lbl00022   0x004fd8    program     static                          
           ___if_lbl00024   0x00035e    program     static                          
           ___if_lbl00025   0x004868    program     static                          
           ___if_lbl00026   0x00039c    program     static                          
           ___if_lbl00027   0x000522    program     static                          
           ___if_lbl00028   0x000556    program     static                          
           ___if_lbl00028   0x004942    program     static                          
           ___if_lbl00030   0x000558    program     static                          
           ___if_lbl00030   0x00307c    program     static                          
           ___if_lbl00032   0x00308a    program     static                          
           ___if_lbl00034   0x00308a    program     static                          
           ___if_lbl00035   0x0005e0    program     static                          
           ___if_lbl00036   0x003090    program     static                          
           ___if_lbl00037   0x0030ae    program     static                          
           ___if_lbl00037   0x000628    program     static                          
           ___if_lbl00038   0x0030d2    program     static                          
           ___if_lbl00039   0x000684    program     static                          
           ___if_lbl00040   0x0030d2    program     static                          
           ___if_lbl00041   0x00068a    program     static                          
           ___if_lbl00042   0x0006b0    program     static                          
           ___if_lbl00042   0x0030d2    program     static                          
           ___if_lbl00043   0x0006d2    program     static                          
           ___if_lbl00044   0x0030d8    program     static                          
           ___if_lbl00045   0x003112    program     static                          
           ___if_lbl00045   0x0006d2    program     static                          
           ___if_lbl00046   0x003142    program     static                          
           ___if_lbl00047   0x003148    program     static                          
           ___if_lbl00048   0x0031e4    program     static                          
           ___if_lbl00049   0x0031fe    program     static                          
           ___if_lbl00051   0x00321c    program     static                          
           ___if_lbl00076   0x000a14    program     static                          
           ___if_lbl00077   0x000b72    program     static                          
           ___if_lbl00078   0x000bce    program     static                          
           ___if_lbl00079   0x000d6e    program     static                          
           ___if_lbl00081   0x000d82    program     static                          
           ___if_lbl00084   0x000db4    program     static                          
           ___if_lbl00086   0x003474    program     static                          
           ___if_lbl00087   0x000dde    program     static                          
           ___if_lbl00088   0x003476    program     static                          
           ___if_lbl00089   0x000df4    program     static                          
           ___if_lbl00090   0x00347c    program     static                          
           ___if_lbl00091   0x00349a    program     static                          
           ___if_lbl00091   0x000df4    program     static                          
           ___if_lbl00092   0x000df6    program     static                          
           ___if_lbl00092   0x0034be    program     static                          
           ___if_lbl00094   0x0034be    program     static                          
           ___if_lbl00094   0x000dfc    program     static                          
           ___if_lbl00096   0x000e46    program     static                          
           ___if_lbl00096   0x0034be    program     static                          
           ___if_lbl00098   0x0034c4    program     static                          
           ___if_lbl00099   0x0034fe    program     static                          
           ___if_lbl00100   0x00352e    program     static                          
           ___if_lbl00101   0x003534    program     static                          
           ___if_lbl00102   0x0035d2    program     static                          
           ___if_lbl00104   0x0035ec    program     static                          
           ___if_lbl00106   0x003624    program     static                          
           ___if_lbl00108   0x003624    program     static                          
           ___if_lbl00116   0x003718    program     static                          
           ___if_lbl00118   0x00371a    program     static                          
           ___if_lbl00120   0x003720    program     static                          
           ___if_lbl00121   0x00373e    program     static                          
           ___if_lbl00122   0x003762    program     static                          
           ___if_lbl00124   0x003762    program     static                          
           ___if_lbl00126   0x003762    program     static                          
           ___if_lbl00128   0x003768    program     static                          
           ___if_lbl00129   0x0037a2    program     static                          
           ___if_lbl00130   0x0037d2    program     static                          
           ___if_lbl00131   0x0037d8    program     static                          
           ___if_lbl00132   0x003874    program     static                          
           ___if_lbl00134   0x00388c    program     static                          
           ___if_lbl00136   0x0038c0    program     static                          
           ___if_lbl00138   0x0038c0    program     static                          
           ___if_lbl00146   0x003a06    program     static                          
           ___if_lbl00148   0x003a08    program     static                          
           ___if_lbl00150   0x003a0e    program     static                          
           ___if_lbl00151   0x003a2c    program     static                          
           ___if_lbl00152   0x003a50    program     static                          
           ___if_lbl00153   0x0013ea    program     static                          
           ___if_lbl00154   0x003a50    program     static                          
           ___if_lbl00156   0x003a50    program     static                          
           ___if_lbl00157   0x001540    program     static                          
           ___if_lbl00158   0x003a56    program     static                          
           ___if_lbl00159   0x001540    program     static                          
           ___if_lbl00159   0x003a90    program     static                          
           ___if_lbl00160   0x003ac0    program     static                          
           ___if_lbl00161   0x003ac6    program     static                          
           ___if_lbl00161   0x001546    program     static                          
           ___if_lbl00162   0x003b60    program     static                          
           ___if_lbl00164   0x003b78    program     static                          
           ___if_lbl00166   0x003bac    program     static                          
           ___if_lbl00168   0x003bac    program     static                          
           ___if_lbl00176   0x001658    program     static                          
           ___if_lbl00185   0x0017be    program     static                          
           ___if_lbl00187   0x0017c0    program     static                          
           ___if_lbl00188   0x003cd4    program     static                          
           ___if_lbl00189   0x0017c6    program     static                          
           ___if_lbl00190   0x003d52    program     static                          
           ___if_lbl00190   0x0018c8    program     static                          
           ___if_lbl00192   0x0018ca    program     static                          
           ___if_lbl00194   0x0018fa    program     static                          
           ___if_lbl00196   0x001a2c    program     static                          
           ___if_lbl00198   0x001a2e    program     static                          
           ___if_lbl00200   0x001a34    program     static                          
           ___if_lbl00201   0x001aa2    program     static                          
           ___if_lbl00202   0x001b32    program     static                          
           ___if_lbl00204   0x001b62    program     static                          
           ___if_lbl00206   0x001c12    program     static                          
           ___if_lbl00211   0x001d94    program     static                          
           ___if_lbl00215   0x003f66    program     static                          
           ___if_lbl00216   0x001ed6    program     static                          
           ___if_lbl00217   0x003f6a    program     static                          
           ___if_lbl00217   0x001f32    program     static                          
           ___if_lbl00218   0x0020d2    program     static                          
           ___if_lbl00219   0x003f8a    program     static                          
           ___if_lbl00220   0x0020d4    program     static                          
           ___if_lbl00222   0x0020da    program     static                          
           ___if_lbl00224   0x00401e    program     static                          
           ___if_lbl00226   0x004026    program     static                          
           ___if_lbl00228   0x004044    program     static                          
           ___if_lbl00230   0x00408c    program     static                          
           ___if_lbl00232   0x004092    program     static                          
           ___if_lbl00237   0x004108    program     static                          
           ___if_lbl00239   0x00410e    program     static                          
           ___if_lbl00254   0x002368    program     static                          
           ___if_lbl00256   0x00236e    program     static                          
           ___if_lbl00260   0x00247a    program     static                          
       ___return_lbl00000   0x005b44    program     static                          
       ___return_lbl00000   0x005a86    program     static                          
       ___return_lbl00000   0x004b7e    program     static                          
       ___return_lbl00000   0x0059d6    program     static                          
       ___return_lbl00000   0x002df4    program     static                          
       ___return_lbl00000   0x000004    program     static                          
       ___return_lbl00001   0x005b28    program     static                          
       ___return_lbl00002   0x0058dc    program     static                          
       ___return_lbl00002   0x004eee    program     static                          
       ___return_lbl00004   0x0045ce    program     static                          
       ___return_lbl00004   0x005212    program     static                          
       ___return_lbl00010   0x004784    program     static                          
       ___return_lbl00013   0x004fea    program     static                          
       ___return_lbl00017   0x000558    program     static                          
       ___return_lbl00017   0x000024    program     static                          
       ___return_lbl00022   0x004942    program     static                          
       ___return_lbl00024   0x00321e    program     static                          
       ___return_lbl00032   0x0006d2    program     static                          
       ___return_lbl00071   0x000e02    program     static                          
       ___return_lbl00081   0x003626    program     static                          
       ___return_lbl00095   0x000e58    program     static                          
       ___return_lbl00111   0x0038c2    program     static                          
       ___return_lbl00141   0x003bae    program     static                          
       ___return_lbl00152   0x0013ea    program     static                          
       ___return_lbl00155   0x00154a    program     static                          
       ___return_lbl00173   0x001668    program     static                          
       ___return_lbl00184   0x001910    program     static                          
       ___return_lbl00187   0x003cd8    program     static                          
       ___return_lbl00189   0x003d56    program     static                          
       ___return_lbl00195   0x001b66    program     static                          
       ___return_lbl00205   0x0020e0    program     static                          
       ___return_lbl00210   0x004044    program     static                          
       ___return_lbl00229   0x004096    program     static                          
       ___return_lbl00236   0x004112    program     static                          
       ___return_lbl00251   0x002374    program     static                          
       ___return_lbl00257   0x0024a4    program     static                          
   ___switchexit_lbl00207   0x001d9a    program     static                          
        ___while_lbl00005   0x00450a    program     static                          
        ___while_lbl00006   0x004520    program     static                          
        ___while_lbl00011   0x00467a    program     static                          
        ___while_lbl00012   0x004690    program     static                          
        ___while_lbl00013   0x0046c4    program     static                          
        ___while_lbl00014   0x0046da    program     static                          
        ___while_lbl00016   0x004f2c    program     static                          
        ___while_lbl00017   0x004fda    program     static                          
        ___while_lbl00023   0x00482e    program     static                          
        ___while_lbl00024   0x004844    program     static                          
        ___while_lbl00026   0x004882    program     static                          
        ___while_lbl00027   0x004898    program     static                          
        ___while_lbl00072   0x0008b6    program     static                          
        ___while_lbl00073   0x000d70    program     static                          
        ___while_lbl00174   0x0015fc    program     static                          
        ___while_lbl00175   0x001668    program     static                          
        ___while_lbl00211   0x003ef4    program     static                          
        ___while_lbl00212   0x003f6e    program     static                          
        ___while_lbl00220   0x003faa    program     static                          
        ___while_lbl00221   0x004028    program     static                          
               __config_0   0x300001    program     static D:\Program Files\FreeRTOSv202112.00\FreeRTOS\Demo\PIC18_MPLAB\main1.c
               __config_1   0x300002    program     static D:\Program Files\FreeRTOSv202112.00\FreeRTOS\Demo\PIC18_MPLAB\main1.c
               __config_2   0x300003    program     static D:\Program Files\FreeRTOSv202112.00\FreeRTOS\Demo\PIC18_MPLAB\main1.c
                   __init   0x000006    program     extern E:\3.46\pic18-lt\cxx-framework\src\traditional\stdclib\__init.c
                   __pa_0   0x005022    program     static D:\Program Files\FreeRTOSv202112.00\FreeRTOS\Demo\Common\Minimal\PollQ.c
                   __pa_0   0x00562e    program     static D:\Program Files\FreeRTOSv202112.00\FreeRTOS\Demo\PIC18_MPLAB\main1.c
                   __pa_0   0x0049e2    program     static D:\Program Files\FreeRTOSv202112.00\FreeRTOS\Source\portable\MPLAB\PIC18F\port.c
                   __pa_0   0x00413c    program     static D:\Program Files\FreeRTOSv202112.00\FreeRTOS\Source\queue.c
                   __pa_0   0x0053f4    program     static D:\Program Files\FreeRTOSv202112.00\FreeRTOS\Source\list.c
                   __pa_0   0x005768    program     static D:\Program Files\FreeRTOSv202112.00\FreeRTOS\Source\portable\MemMang\heap_1.c
                   __pa_0   0x002542    program     static D:\Program Files\FreeRTOSv202112.00\FreeRTOS\Source\tasks.c
                   __pa_0   0x00580c    program     static D:\Program Files\FreeRTOSv202112.00\FreeRTOS\Demo\PIC18_MPLAB\ParTest\ParTest.c
                   __pa_0   0x004d16    program     static D:\Program Files\FreeRTOSv202112.00\FreeRTOS\Demo\PIC18_MPLAB\serial\serial.c
                   __pa_0   0x005272    program     static D:\Program Files\FreeRTOSv202112.00\FreeRTOS\Demo\Common\Minimal\integer.c
                   __pa_1   0x002548    program     static D:\Program Files\FreeRTOSv202112.00\FreeRTOS\Source\tasks.c
                   __pa_1   0x005402    program     static D:\Program Files\FreeRTOSv202112.00\FreeRTOS\Source\list.c
                   __pa_1   0x00503e    program     static D:\Program Files\FreeRTOSv202112.00\FreeRTOS\Demo\Common\Minimal\PollQ.c
                   __pa_1   0x005826    program     static D:\Program Files\FreeRTOSv202112.00\FreeRTOS\Demo\PIC18_MPLAB\ParTest\ParTest.c
                   __pa_1   0x005642    program     static D:\Program Files\FreeRTOSv202112.00\FreeRTOS\Demo\PIC18_MPLAB\main1.c
                   __pa_1   0x004d4a    program     static D:\Program Files\FreeRTOSv202112.00\FreeRTOS\Demo\PIC18_MPLAB\serial\serial.c
                   __pa_1   0x0049f0    program     static D:\Program Files\FreeRTOSv202112.00\FreeRTOS\Source\portable\MPLAB\PIC18F\port.c
                   __pa_1   0x005288    program     static D:\Program Files\FreeRTOSv202112.00\FreeRTOS\Demo\Common\Minimal\integer.c
                   __pa_1   0x00414a    program     static D:\Program Files\FreeRTOSv202112.00\FreeRTOS\Source\queue.c
                  __pa_10   0x004a72    program     static D:\Program Files\FreeRTOSv202112.00\FreeRTOS\Source\portable\MPLAB\PIC18F\port.c
                  __pa_10   0x0025b2    program     static D:\Program Files\FreeRTOSv202112.00\FreeRTOS\Source\tasks.c
                  __pa_10   0x0041d2    program     static D:\Program Files\FreeRTOSv202112.00\FreeRTOS\Source\queue.c
                  __pa_10   0x00546c    program     static D:\Program Files\FreeRTOSv202112.00\FreeRTOS\Source\list.c
                 __pa_100   0x002a56    program     static D:\Program Files\FreeRTOSv202112.00\FreeRTOS\Source\tasks.c
                 __pa_101   0x002a60    program     static D:\Program Files\FreeRTOSv202112.00\FreeRTOS\Source\tasks.c
                 __pa_102   0x002a6a    program     static D:\Program Files\FreeRTOSv202112.00\FreeRTOS\Source\tasks.c
                 __pa_103   0x002a70    program     static D:\Program Files\FreeRTOSv202112.00\FreeRTOS\Source\tasks.c
                 __pa_104   0x002a78    program     static D:\Program Files\FreeRTOSv202112.00\FreeRTOS\Source\tasks.c
                 __pa_105   0x002a7e    program     static D:\Program Files\FreeRTOSv202112.00\FreeRTOS\Source\tasks.c
                 __pa_106   0x002a86    program     static D:\Program Files\FreeRTOSv202112.00\FreeRTOS\Source\tasks.c
                 __pa_107   0x002a8c    program     static D:\Program Files\FreeRTOSv202112.00\FreeRTOS\Source\tasks.c
                 __pa_108   0x002a92    program     static D:\Program Files\FreeRTOSv202112.00\FreeRTOS\Source\tasks.c
                 __pa_109   0x002a9c    program     static D:\Program Files\FreeRTOSv202112.00\FreeRTOS\Source\tasks.c
                  __pa_11   0x005476    program     static D:\Program Files\FreeRTOSv202112.00\FreeRTOS\Source\list.c
                  __pa_11   0x0041e0    program     static D:\Program Files\FreeRTOSv202112.00\FreeRTOS\Source\queue.c
                  __pa_11   0x0025c0    program     static D:\Program Files\FreeRTOSv202112.00\FreeRTOS\Source\tasks.c
                 __pa_110   0x002aa2    program     static D:\Program Files\FreeRTOSv202112.00\FreeRTOS\Source\tasks.c
                 __pa_111   0x002aae    program     static D:\Program Files\FreeRTOSv202112.00\FreeRTOS\Source\tasks.c
                 __pa_112   0x002ab8    program     static D:\Program Files\FreeRTOSv202112.00\FreeRTOS\Source\tasks.c
                 __pa_113   0x002ac2    program     static D:\Program Files\FreeRTOSv202112.00\FreeRTOS\Source\tasks.c
                 __pa_114   0x002ad4    program     static D:\Program Files\FreeRTOSv202112.00\FreeRTOS\Source\tasks.c
                 __pa_115   0x002ae6    program     static D:\Program Files\FreeRTOSv202112.00\FreeRTOS\Source\tasks.c
                 __pa_116   0x002aee    program     static D:\Program Files\FreeRTOSv202112.00\FreeRTOS\Source\tasks.c
                 __pa_117   0x002af6    program     static D:\Program Files\FreeRTOSv202112.00\FreeRTOS\Source\tasks.c
                 __pa_118   0x002b02    program     static D:\Program Files\FreeRTOSv202112.00\FreeRTOS\Source\tasks.c
                 __pa_119   0x002b08    program     static D:\Program Files\FreeRTOSv202112.00\FreeRTOS\Source\tasks.c
                  __pa_12   0x0041ee    program     static D:\Program Files\FreeRTOSv202112.00\FreeRTOS\Source\queue.c
                  __pa_12   0x00547e    program     static D:\Program Files\FreeRTOSv202112.00\FreeRTOS\Source\list.c
                  __pa_12   0x0025da    program     static D:\Program Files\FreeRTOSv202112.00\FreeRTOS\Source\tasks.c
                 __pa_120   0x002b10    program     static D:\Program Files\FreeRTOSv202112.00\FreeRTOS\Source\tasks.c
                 __pa_121   0x002b16    program     static D:\Program Files\FreeRTOSv202112.00\FreeRTOS\Source\tasks.c
                 __pa_122   0x002b20    program     static D:\Program Files\FreeRTOSv202112.00\FreeRTOS\Source\tasks.c
                  __pa_13   0x005496    program     static D:\Program Files\FreeRTOSv202112.00\FreeRTOS\Source\list.c
                  __pa_13   0x004202    program     static D:\Program Files\FreeRTOSv202112.00\FreeRTOS\Source\queue.c
                  __pa_13   0x0025e8    program     static D:\Program Files\FreeRTOSv202112.00\FreeRTOS\Source\tasks.c
                  __pa_14   0x004214    program     static D:\Program Files\FreeRTOSv202112.00\FreeRTOS\Source\queue.c
                  __pa_14   0x00549c    program     static D:\Program Files\FreeRTOSv202112.00\FreeRTOS\Source\list.c
                  __pa_14   0x0025f2    program     static D:\Program Files\FreeRTOSv202112.00\FreeRTOS\Source\tasks.c
                  __pa_15   0x0054a2    program     static D:\Program Files\FreeRTOSv202112.00\FreeRTOS\Source\list.c
                  __pa_15   0x00421e    program     static D:\Program Files\FreeRTOSv202112.00\FreeRTOS\Source\queue.c
                  __pa_15   0x00260a    program     static D:\Program Files\FreeRTOSv202112.00\FreeRTOS\Source\tasks.c
                  __pa_16   0x002618    program     static D:\Program Files\FreeRTOSv202112.00\FreeRTOS\Source\tasks.c
                  __pa_16   0x004228    program     static D:\Program Files\FreeRTOSv202112.00\FreeRTOS\Source\queue.c
                  __pa_16   0x0054a8    program     static D:\Program Files\FreeRTOSv202112.00\FreeRTOS\Source\list.c
                  __pa_17   0x004238    program     static D:\Program Files\FreeRTOSv202112.00\FreeRTOS\Source\queue.c
                  __pa_17   0x002628    program     static D:\Program Files\FreeRTOSv202112.00\FreeRTOS\Source\tasks.c
                  __pa_17   0x0054b6    program     static D:\Program Files\FreeRTOSv202112.00\FreeRTOS\Source\list.c
                  __pa_18   0x004246    program     static D:\Program Files\FreeRTOSv202112.00\FreeRTOS\Source\queue.c
                  __pa_18   0x002632    program     static D:\Program Files\FreeRTOSv202112.00\FreeRTOS\Source\tasks.c
                  __pa_18   0x0054c2    program     static D:\Program Files\FreeRTOSv202112.00\FreeRTOS\Source\list.c
                  __pa_19   0x00263a    program     static D:\Program Files\FreeRTOSv202112.00\FreeRTOS\Source\tasks.c
                  __pa_19   0x004254    program     static D:\Program Files\FreeRTOSv202112.00\FreeRTOS\Source\queue.c
                  __pa_19   0x0054cc    program     static D:\Program Files\FreeRTOSv202112.00\FreeRTOS\Source\list.c
                   __pa_2   0x005652    program     static D:\Program Files\FreeRTOSv202112.00\FreeRTOS\Demo\PIC18_MPLAB\main1.c
                   __pa_2   0x005050    program     static D:\Program Files\FreeRTOSv202112.00\FreeRTOS\Demo\Common\Minimal\PollQ.c
                   __pa_2   0x00540a    program     static D:\Program Files\FreeRTOSv202112.00\FreeRTOS\Source\list.c
                   __pa_2   0x00254e    program     static D:\Program Files\FreeRTOSv202112.00\FreeRTOS\Source\tasks.c
                   __pa_2   0x0049fa    program     static D:\Program Files\FreeRTOSv202112.00\FreeRTOS\Source\portable\MPLAB\PIC18F\port.c
                   __pa_2   0x004d7e    program     static D:\Program Files\FreeRTOSv202112.00\FreeRTOS\Demo\PIC18_MPLAB\serial\serial.c
                   __pa_2   0x004158    program     static D:\Program Files\FreeRTOSv202112.00\FreeRTOS\Source\queue.c
                   __pa_2   0x005836    program     static D:\Program Files\FreeRTOSv202112.00\FreeRTOS\Demo\PIC18_MPLAB\ParTest\ParTest.c
                   __pa_2   0x00529e    program     static D:\Program Files\FreeRTOSv202112.00\FreeRTOS\Demo\Common\Minimal\integer.c
                  __pa_20   0x0054d2    program     static D:\Program Files\FreeRTOSv202112.00\FreeRTOS\Source\list.c
                  __pa_20   0x002646    program     static D:\Program Files\FreeRTOSv202112.00\FreeRTOS\Source\tasks.c
                  __pa_20   0x004262    program     static D:\Program Files\FreeRTOSv202112.00\FreeRTOS\Source\queue.c
                  __pa_21   0x00426c    program     static D:\Program Files\FreeRTOSv202112.00\FreeRTOS\Source\queue.c
                  __pa_21   0x0054de    program     static D:\Program Files\FreeRTOSv202112.00\FreeRTOS\Source\list.c
                  __pa_21   0x002654    program     static D:\Program Files\FreeRTOSv202112.00\FreeRTOS\Source\tasks.c
                  __pa_22   0x004286    program     static D:\Program Files\FreeRTOSv202112.00\FreeRTOS\Source\queue.c
                  __pa_22   0x002662    program     static D:\Program Files\FreeRTOSv202112.00\FreeRTOS\Source\tasks.c
                  __pa_23   0x002672    program     static D:\Program Files\FreeRTOSv202112.00\FreeRTOS\Source\tasks.c
                  __pa_23   0x00428e    program     static D:\Program Files\FreeRTOSv202112.00\FreeRTOS\Source\queue.c
                  __pa_24   0x00267c    program     static D:\Program Files\FreeRTOSv202112.00\FreeRTOS\Source\tasks.c
                  __pa_24   0x004296    program     static D:\Program Files\FreeRTOSv202112.00\FreeRTOS\Source\queue.c
                  __pa_25   0x00268c    program     static D:\Program Files\FreeRTOSv202112.00\FreeRTOS\Source\tasks.c
                  __pa_25   0x0042a8    program     static D:\Program Files\FreeRTOSv202112.00\FreeRTOS\Source\queue.c
                  __pa_26   0x0026aa    program     static D:\Program Files\FreeRTOSv202112.00\FreeRTOS\Source\tasks.c
                  __pa_26   0x0042be    program     static D:\Program Files\FreeRTOSv202112.00\FreeRTOS\Source\queue.c
                  __pa_27   0x0026bc    program     static D:\Program Files\FreeRTOSv202112.00\FreeRTOS\Source\tasks.c
                  __pa_27   0x0042c6    program     static D:\Program Files\FreeRTOSv202112.00\FreeRTOS\Source\queue.c
                  __pa_28   0x0026c6    program     static D:\Program Files\FreeRTOSv202112.00\FreeRTOS\Source\tasks.c
                  __pa_28   0x0042ce    program     static D:\Program Files\FreeRTOSv202112.00\FreeRTOS\Source\queue.c
                  __pa_29   0x0026d4    program     static D:\Program Files\FreeRTOSv202112.00\FreeRTOS\Source\tasks.c
                  __pa_29   0x0042d6    program     static D:\Program Files\FreeRTOSv202112.00\FreeRTOS\Source\queue.c
                   __pa_3   0x00416a    program     static D:\Program Files\FreeRTOSv202112.00\FreeRTOS\Source\queue.c
                   __pa_3   0x005660    program     static D:\Program Files\FreeRTOSv202112.00\FreeRTOS\Demo\PIC18_MPLAB\main1.c
                   __pa_3   0x00505e    program     static D:\Program Files\FreeRTOSv202112.00\FreeRTOS\Demo\Common\Minimal\PollQ.c
                   __pa_3   0x005418    program     static D:\Program Files\FreeRTOSv202112.00\FreeRTOS\Source\list.c
                   __pa_3   0x004a0e    program     static D:\Program Files\FreeRTOSv202112.00\FreeRTOS\Source\portable\MPLAB\PIC18F\port.c
                   __pa_3   0x004d8a    program     static D:\Program Files\FreeRTOSv202112.00\FreeRTOS\Demo\PIC18_MPLAB\serial\serial.c
                   __pa_3   0x002554    program     static D:\Program Files\FreeRTOSv202112.00\FreeRTOS\Source\tasks.c
                  __pa_30   0x0042de    program     static D:\Program Files\FreeRTOSv202112.00\FreeRTOS\Source\queue.c
                  __pa_30   0x0026de    program     static D:\Program Files\FreeRTOSv202112.00\FreeRTOS\Source\tasks.c
                  __pa_31   0x0042e6    program     static D:\Program Files\FreeRTOSv202112.00\FreeRTOS\Source\queue.c
                  __pa_31   0x0026f6    program     static D:\Program Files\FreeRTOSv202112.00\FreeRTOS\Source\tasks.c
                  __pa_32   0x0042f4    program     static D:\Program Files\FreeRTOSv202112.00\FreeRTOS\Source\queue.c
                  __pa_32   0x002702    program     static D:\Program Files\FreeRTOSv202112.00\FreeRTOS\Source\tasks.c
                  __pa_33   0x00270e    program     static D:\Program Files\FreeRTOSv202112.00\FreeRTOS\Source\tasks.c
                  __pa_33   0x0042fc    program     static D:\Program Files\FreeRTOSv202112.00\FreeRTOS\Source\queue.c
                  __pa_34   0x004304    program     static D:\Program Files\FreeRTOSv202112.00\FreeRTOS\Source\queue.c
                  __pa_34   0x002724    program     static D:\Program Files\FreeRTOSv202112.00\FreeRTOS\Source\tasks.c
                  __pa_35   0x004310    program     static D:\Program Files\FreeRTOSv202112.00\FreeRTOS\Source\queue.c
                  __pa_35   0x002732    program     static D:\Program Files\FreeRTOSv202112.00\FreeRTOS\Source\tasks.c
                  __pa_36   0x004318    program     static D:\Program Files\FreeRTOSv202112.00\FreeRTOS\Source\queue.c
                  __pa_36   0x002738    program     static D:\Program Files\FreeRTOSv202112.00\FreeRTOS\Source\tasks.c
                  __pa_37   0x004320    program     static D:\Program Files\FreeRTOSv202112.00\FreeRTOS\Source\queue.c
                  __pa_37   0x00274a    program     static D:\Program Files\FreeRTOSv202112.00\FreeRTOS\Source\tasks.c
                  __pa_38   0x00432c    program     static D:\Program Files\FreeRTOSv202112.00\FreeRTOS\Source\queue.c
                  __pa_38   0x002758    program     static D:\Program Files\FreeRTOSv202112.00\FreeRTOS\Source\tasks.c
                  __pa_39   0x004338    program     static D:\Program Files\FreeRTOSv202112.00\FreeRTOS\Source\queue.c
                  __pa_39   0x002764    program     static D:\Program Files\FreeRTOSv202112.00\FreeRTOS\Source\tasks.c
                   __pa_4   0x004d96    program     static D:\Program Files\FreeRTOSv202112.00\FreeRTOS\Demo\PIC18_MPLAB\serial\serial.c
                   __pa_4   0x004a18    program     static D:\Program Files\FreeRTOSv202112.00\FreeRTOS\Source\portable\MPLAB\PIC18F\port.c
                   __pa_4   0x004172    program     static D:\Program Files\FreeRTOSv202112.00\FreeRTOS\Source\queue.c
                   __pa_4   0x00255a    program     static D:\Program Files\FreeRTOSv202112.00\FreeRTOS\Source\tasks.c
                   __pa_4   0x00542a    program     static D:\Program Files\FreeRTOSv202112.00\FreeRTOS\Source\list.c
                  __pa_40   0x004342    program     static D:\Program Files\FreeRTOSv202112.00\FreeRTOS\Source\queue.c
                  __pa_40   0x00276e    program     static D:\Program Files\FreeRTOSv202112.00\FreeRTOS\Source\tasks.c
                  __pa_41   0x002778    program     static D:\Program Files\FreeRTOSv202112.00\FreeRTOS\Source\tasks.c
                  __pa_41   0x00434e    program     static D:\Program Files\FreeRTOSv202112.00\FreeRTOS\Source\queue.c
                  __pa_42   0x004356    program     static D:\Program Files\FreeRTOSv202112.00\FreeRTOS\Source\queue.c
                  __pa_42   0x00277c    program     static D:\Program Files\FreeRTOSv202112.00\FreeRTOS\Source\tasks.c
                  __pa_43   0x002786    program     static D:\Program Files\FreeRTOSv202112.00\FreeRTOS\Source\tasks.c
                  __pa_44   0x00278e    program     static D:\Program Files\FreeRTOSv202112.00\FreeRTOS\Source\tasks.c
                  __pa_45   0x00279e    program     static D:\Program Files\FreeRTOSv202112.00\FreeRTOS\Source\tasks.c
                  __pa_46   0x0027a2    program     static D:\Program Files\FreeRTOSv202112.00\FreeRTOS\Source\tasks.c
                  __pa_47   0x0027b0    program     static D:\Program Files\FreeRTOSv202112.00\FreeRTOS\Source\tasks.c
                  __pa_48   0x0027be    program     static D:\Program Files\FreeRTOSv202112.00\FreeRTOS\Source\tasks.c
                  __pa_49   0x0027cc    program     static D:\Program Files\FreeRTOSv202112.00\FreeRTOS\Source\tasks.c
                   __pa_5   0x00417e    program     static D:\Program Files\FreeRTOSv202112.00\FreeRTOS\Source\queue.c
                   __pa_5   0x005434    program     static D:\Program Files\FreeRTOSv202112.00\FreeRTOS\Source\list.c
                   __pa_5   0x004a2a    program     static D:\Program Files\FreeRTOSv202112.00\FreeRTOS\Source\portable\MPLAB\PIC18F\port.c
                   __pa_5   0x004da6    program     static D:\Program Files\FreeRTOSv202112.00\FreeRTOS\Demo\PIC18_MPLAB\serial\serial.c
                   __pa_5   0x002566    program     static D:\Program Files\FreeRTOSv202112.00\FreeRTOS\Source\tasks.c
                  __pa_50   0x0027d6    program     static D:\Program Files\FreeRTOSv202112.00\FreeRTOS\Source\tasks.c
                  __pa_51   0x0027da    program     static D:\Program Files\FreeRTOSv202112.00\FreeRTOS\Source\tasks.c
                  __pa_52   0x0027e0    program     static D:\Program Files\FreeRTOSv202112.00\FreeRTOS\Source\tasks.c
                  __pa_53   0x0027e8    program     static D:\Program Files\FreeRTOSv202112.00\FreeRTOS\Source\tasks.c
                  __pa_54   0x0027fc    program     static D:\Program Files\FreeRTOSv202112.00\FreeRTOS\Source\tasks.c
                  __pa_55   0x002828    program     static D:\Program Files\FreeRTOSv202112.00\FreeRTOS\Source\tasks.c
                  __pa_56   0x002854    program     static D:\Program Files\FreeRTOSv202112.00\FreeRTOS\Source\tasks.c
                  __pa_57   0x00287e    program     static D:\Program Files\FreeRTOSv202112.00\FreeRTOS\Source\tasks.c
                  __pa_58   0x002890    program     static D:\Program Files\FreeRTOSv202112.00\FreeRTOS\Source\tasks.c
                  __pa_59   0x00289a    program     static D:\Program Files\FreeRTOSv202112.00\FreeRTOS\Source\tasks.c
                   __pa_6   0x002572    program     static D:\Program Files\FreeRTOSv202112.00\FreeRTOS\Source\tasks.c
                   __pa_6   0x004db4    program     static D:\Program Files\FreeRTOSv202112.00\FreeRTOS\Demo\PIC18_MPLAB\serial\serial.c
                   __pa_6   0x004a34    program     static D:\Program Files\FreeRTOSv202112.00\FreeRTOS\Source\portable\MPLAB\PIC18F\port.c
                   __pa_6   0x00418c    program     static D:\Program Files\FreeRTOSv202112.00\FreeRTOS\Source\queue.c
                   __pa_6   0x005440    program     static D:\Program Files\FreeRTOSv202112.00\FreeRTOS\Source\list.c
                  __pa_60   0x0028a0    program     static D:\Program Files\FreeRTOSv202112.00\FreeRTOS\Source\tasks.c
                  __pa_61   0x0028ac    program     static D:\Program Files\FreeRTOSv202112.00\FreeRTOS\Source\tasks.c
                  __pa_62   0x0028b4    program     static D:\Program Files\FreeRTOSv202112.00\FreeRTOS\Source\tasks.c
                  __pa_63   0x0028ba    program     static D:\Program Files\FreeRTOSv202112.00\FreeRTOS\Source\tasks.c
                  __pa_64   0x0028c6    program     static D:\Program Files\FreeRTOSv202112.00\FreeRTOS\Source\tasks.c
                  __pa_65   0x0028d4    program     static D:\Program Files\FreeRTOSv202112.00\FreeRTOS\Source\tasks.c
                  __pa_66   0x0028e0    program     static D:\Program Files\FreeRTOSv202112.00\FreeRTOS\Source\tasks.c
                  __pa_67   0x0028e4    program     static D:\Program Files\FreeRTOSv202112.00\FreeRTOS\Source\tasks.c
                  __pa_68   0x0028ee    program     static D:\Program Files\FreeRTOSv202112.00\FreeRTOS\Source\tasks.c
                  __pa_69   0x0028fa    program     static D:\Program Files\FreeRTOSv202112.00\FreeRTOS\Source\tasks.c
                   __pa_7   0x00544a    program     static D:\Program Files\FreeRTOSv202112.00\FreeRTOS\Source\list.c
                   __pa_7   0x0041a8    program     static D:\Program Files\FreeRTOSv202112.00\FreeRTOS\Source\queue.c
                   __pa_7   0x004dbe    program     static D:\Program Files\FreeRTOSv202112.00\FreeRTOS\Demo\PIC18_MPLAB\serial\serial.c
                   __pa_7   0x002584    program     static D:\Program Files\FreeRTOSv202112.00\FreeRTOS\Source\tasks.c
                   __pa_7   0x004a42    program     static D:\Program Files\FreeRTOSv202112.00\FreeRTOS\Source\portable\MPLAB\PIC18F\port.c
                  __pa_70   0x002902    program     static D:\Program Files\FreeRTOSv202112.00\FreeRTOS\Source\tasks.c
                  __pa_71   0x00290a    program     static D:\Program Files\FreeRTOSv202112.00\FreeRTOS\Source\tasks.c
                  __pa_72   0x002910    program     static D:\Program Files\FreeRTOSv202112.00\FreeRTOS\Source\tasks.c
                  __pa_73   0x002918    program     static D:\Program Files\FreeRTOSv202112.00\FreeRTOS\Source\tasks.c
                  __pa_74   0x002926    program     static D:\Program Files\FreeRTOSv202112.00\FreeRTOS\Source\tasks.c
                  __pa_75   0x002936    program     static D:\Program Files\FreeRTOSv202112.00\FreeRTOS\Source\tasks.c
                  __pa_76   0x002942    program     static D:\Program Files\FreeRTOSv202112.00\FreeRTOS\Source\tasks.c
                  __pa_77   0x00294a    program     static D:\Program Files\FreeRTOSv202112.00\FreeRTOS\Source\tasks.c
                  __pa_78   0x002950    program     static D:\Program Files\FreeRTOSv202112.00\FreeRTOS\Source\tasks.c
                  __pa_79   0x00295e    program     static D:\Program Files\FreeRTOSv202112.00\FreeRTOS\Source\tasks.c
                   __pa_8   0x004a50    program     static D:\Program Files\FreeRTOSv202112.00\FreeRTOS\Source\portable\MPLAB\PIC18F\port.c
                   __pa_8   0x002590    program     static D:\Program Files\FreeRTOSv202112.00\FreeRTOS\Source\tasks.c
                   __pa_8   0x0041b6    program     static D:\Program Files\FreeRTOSv202112.00\FreeRTOS\Source\queue.c
                   __pa_8   0x005458    program     static D:\Program Files\FreeRTOSv202112.00\FreeRTOS\Source\list.c
                  __pa_80   0x00296a    program     static D:\Program Files\FreeRTOSv202112.00\FreeRTOS\Source\tasks.c
                  __pa_81   0x002978    program     static D:\Program Files\FreeRTOSv202112.00\FreeRTOS\Source\tasks.c
                  __pa_82   0x002986    program     static D:\Program Files\FreeRTOSv202112.00\FreeRTOS\Source\tasks.c
                  __pa_83   0x00298e    program     static D:\Program Files\FreeRTOSv202112.00\FreeRTOS\Source\tasks.c
                  __pa_84   0x002996    program     static D:\Program Files\FreeRTOSv202112.00\FreeRTOS\Source\tasks.c
                  __pa_85   0x0029a4    program     static D:\Program Files\FreeRTOSv202112.00\FreeRTOS\Source\tasks.c
                  __pa_86   0x0029b2    program     static D:\Program Files\FreeRTOSv202112.00\FreeRTOS\Source\tasks.c
                  __pa_87   0x0029bc    program     static D:\Program Files\FreeRTOSv202112.00\FreeRTOS\Source\tasks.c
                  __pa_88   0x0029c6    program     static D:\Program Files\FreeRTOSv202112.00\FreeRTOS\Source\tasks.c
                  __pa_89   0x0029ce    program     static D:\Program Files\FreeRTOSv202112.00\FreeRTOS\Source\tasks.c
                   __pa_9   0x004a6c    program     static D:\Program Files\FreeRTOSv202112.00\FreeRTOS\Source\portable\MPLAB\PIC18F\port.c
                   __pa_9   0x0025a4    program     static D:\Program Files\FreeRTOSv202112.00\FreeRTOS\Source\tasks.c
                   __pa_9   0x0041c4    program     static D:\Program Files\FreeRTOSv202112.00\FreeRTOS\Source\queue.c
                   __pa_9   0x005462    program     static D:\Program Files\FreeRTOSv202112.00\FreeRTOS\Source\list.c
                  __pa_90   0x0029d8    program     static D:\Program Files\FreeRTOSv202112.00\FreeRTOS\Source\tasks.c
                  __pa_91   0x0029e2    program     static D:\Program Files\FreeRTOSv202112.00\FreeRTOS\Source\tasks.c
                  __pa_92   0x0029ec    program     static D:\Program Files\FreeRTOSv202112.00\FreeRTOS\Source\tasks.c
                  __pa_93   0x002a04    program     static D:\Program Files\FreeRTOSv202112.00\FreeRTOS\Source\tasks.c
                  __pa_94   0x002a0c    program     static D:\Program Files\FreeRTOSv202112.00\FreeRTOS\Source\tasks.c
                  __pa_95   0x002a14    program     static D:\Program Files\FreeRTOSv202112.00\FreeRTOS\Source\tasks.c
                  __pa_96   0x002a28    program     static D:\Program Files\FreeRTOSv202112.00\FreeRTOS\Source\tasks.c
                  __pa_97   0x002a3c    program     static D:\Program Files\FreeRTOSv202112.00\FreeRTOS\Source\tasks.c
                  __pa_98   0x002a42    program     static D:\Program Files\FreeRTOSv202112.00\FreeRTOS\Source\tasks.c
                  __pa_99   0x002a4a    program     static D:\Program Files\FreeRTOSv202112.00\FreeRTOS\Source\tasks.c
               __string_0   0x005ad7    program     static D:\Program Files\FreeRTOSv202112.00\FreeRTOS\Demo\Common\Minimal\PollQ.c
               __string_0   0x005adf    program     static D:\Program Files\FreeRTOSv202112.00\FreeRTOS\Demo\PIC18_MPLAB\main1.c
               __string_0   0x005aca    program     static D:\Program Files\FreeRTOSv202112.00\FreeRTOS\Source\tasks.c
               __string_0   0x005ae5    program     static D:\Program Files\FreeRTOSv202112.00\FreeRTOS\Demo\Common\Minimal\integer.c
               __string_1   0x005acf    program     static D:\Program Files\FreeRTOSv202112.00\FreeRTOS\Demo\Common\Minimal\PollQ.c
               __tmplbl_0   0x0051d2    program     static                          
               __tmplbl_0   0x002bd8    program     static                          
               __tmplbl_1   0x002b90    program     static                          
              __tmplbl_10   0x004172    program     static                          
              __tmplbl_10   0x002584    program     static                          
              __tmplbl_11   0x0042de    program     static                          
              __tmplbl_11   0x002584    program     static                          
              __tmplbl_12   0x004172    program     static                          
              __tmplbl_12   0x002584    program     static                          
              __tmplbl_13   0x004172    program     static                          
              __tmplbl_13   0x002584    program     static                          
              __tmplbl_14   0x003f06    program     static                          
              __tmplbl_15   0x003fbe    program     static                          
              __tmplbl_17   0x002584    program     static                          
              __tmplbl_18   0x002a7e    program     static                          
              __tmplbl_19   0x002584    program     static                          
               __tmplbl_2   0x002b70    program     static                          
               __tmplbl_2   0x004e6c    program     static                          
              __tmplbl_20   0x002584    program     static                          
              __tmplbl_21   0x002584    program     static                          
              __tmplbl_22   0x002584    program     static                          
              __tmplbl_23   0x002584    program     static                          
              __tmplbl_24   0x002584    program     static                          
              __tmplbl_25   0x002584    program     static                          
              __tmplbl_26   0x002584    program     static                          
               __tmplbl_4   0x0014b6    program     static                          
               __tmplbl_5   0x001486    program     static                          
               __tmplbl_6   0x002a7e    program     static                          
               __tmplbl_6   0x002fea    program     static                          
               __tmplbl_7   0x002a7e    program     static                          
               __tmplbl_7   0x002fe2    program     static                          
               __tmplbl_8   0x002584    program     static                          
               __tmplbl_9   0x002584    program     static                          
            __zero_memory   0x005aee    program     extern E:\3.46\pic18-lt\cxx-framework\src\traditional\proc\p18f4620.asm
                _do_cinit   0x005840    program     extern E:\3.46\pic18-lt\cxx-framework\src\traditional\startup\c018i.c
                   _entry   0x000000    program     extern E:\3.46\pic18-lt\cxx-framework\src\traditional\startup\c018i.c
                   _false   0x005a82    program     static                          
                 _startup   0x005b0e    program     extern E:\3.46\pic18-lt\cxx-framework\src\traditional\startup\c018i.c
                compare_l   0x005b04    program     static E:\3.46\pic18-lt\cxx-framework\src\traditional\proc\p18f4620.asm
                copy_loop   0x0058b2    program     static                          
            copy_one_byte   0x0058b8    program     static                          
                    delay   0x0054e6    program     extern D:\Program Files\FreeRTOSv202112.00\FreeRTOS\Demo\PIC18_MPLAB\main1.c
                     done   0x0058dc    program     static                          
             done_copying   0x0058c6    program     static                          
                  endloop   0x005b40    program     static                          
                     jEnd   0x005922    program     static E:\3.46\pic18-lt\cxx-framework\src\traditional\stdclib\memcpy.asm
                     jEnd   0x005966    program     static E:\3.46\pic18-lt\cxx-framework\src\traditional\stdclib\memset.asm
                    jLoop   0x005906    program     static E:\3.46\pic18-lt\cxx-framework\src\traditional\stdclib\memcpy.asm
                    jLoop   0x005948    program     static E:\3.46\pic18-lt\cxx-framework\src\traditional\stdclib\memset.asm
                     loop   0x005b32    program     static                          
                     loop   0x005b1e    program     static                          
                     loop   0x005a4e    program     static                          
                   loop_h   0x005afc    program     static E:\3.46\pic18-lt\cxx-framework\src\traditional\proc\p18f4620.asm
                   loop_l   0x005b06    program     static E:\3.46\pic18-lt\cxx-framework\src\traditional\proc\p18f4620.asm
                     main   0x005514    program     extern D:\Program Files\FreeRTOSv202112.00\FreeRTOS\Demo\PIC18_MPLAB\main1.c
                   memcpy   0x0058de    program     extern E:\3.46\pic18-lt\cxx-framework\src\traditional\stdclib\memcpy.asm
                   memset   0x005934    program     extern E:\3.46\pic18-lt\cxx-framework\src\traditional\stdclib\memset.asm
            pcTaskGetName   0x000e88    program     extern D:\Program Files\FreeRTOSv202112.00\FreeRTOS\Source\tasks.c
prvAddCurrentTaskToDelayedList   0x0024bc    program     static D:\Program Files\FreeRTOSv202112.00\FreeRTOS\Source\tasks.c
 prvAddNewTaskToReadyList   0x0002de    program     static D:\Program Files\FreeRTOSv202112.00\FreeRTOS\Source\tasks.c
prvCheckOtherTasksAreStillRunning   0x00560e    program     static D:\Program Files\FreeRTOSv202112.00\FreeRTOS\Demo\PIC18_MPLAB\main1.c
prvCheckTasksWaitingTermination   0x0015e8    program     static D:\Program Files\FreeRTOSv202112.00\FreeRTOS\Source\tasks.c
     prvCopyDataFromQueue   0x003e64    program     static D:\Program Files\FreeRTOSv202112.00\FreeRTOS\Source\queue.c
       prvCopyDataToQueue   0x003d8e    program     static D:\Program Files\FreeRTOSv202112.00\FreeRTOS\Source\queue.c
             prvDeleteTCB   0x001678    program     static D:\Program Files\FreeRTOSv202112.00\FreeRTOS\Source\tasks.c
              prvIdleTask   0x00156e    program     static D:\Program Files\FreeRTOSv202112.00\FreeRTOS\Source\tasks.c
    prvInitialiseNewQueue   0x002f16    program     static D:\Program Files\FreeRTOSv202112.00\FreeRTOS\Source\queue.c
     prvInitialiseNewTask   0x00013e    program     static D:\Program Files\FreeRTOSv202112.00\FreeRTOS\Source\tasks.c
   prvInitialiseTaskLists   0x001582    program     static D:\Program Files\FreeRTOSv202112.00\FreeRTOS\Source\tasks.c
          prvIsQueueEmpty   0x004054    program     static D:\Program Files\FreeRTOSv202112.00\FreeRTOS\Source\queue.c
           prvIsQueueFull   0x0040b6    program     static D:\Program Files\FreeRTOSv202112.00\FreeRTOS\Source\queue.c
          prvLowInterrupt   0x000008    program     static D:\Program Files\FreeRTOSv202112.00\FreeRTOS\Source\portable\MPLAB\PIC18F\port.c
prvResetNextTaskUnblockTime   0x00169e    program     static D:\Program Files\FreeRTOSv202112.00\FreeRTOS\Source\tasks.c
   prvSetupTimerInterrupt   0x004944    program     static D:\Program Files\FreeRTOSv202112.00\FreeRTOS\Source\portable\MPLAB\PIC18F\port.c
               prvTickISR   0x004786    program     static D:\Program Files\FreeRTOSv202112.00\FreeRTOS\Source\portable\MPLAB\PIC18F\port.c
           prvUnlockQueue   0x003ec2    program     static D:\Program Files\FreeRTOSv202112.00\FreeRTOS\Source\queue.c
             pvPortMalloc   0x005668    program     extern D:\Program Files\FreeRTOSv202112.00\FreeRTOS\Source\portable\MemMang\heap_1.c
    pxPortInitialiseStack   0x00435c    program     extern D:\Program Files\FreeRTOSv202112.00\FreeRTOS\Source\portable\MPLAB\PIC18F\port.c
                     test   0x00585a    program     static                          
  ulTaskGenericNotifyTake   0x0016f8    program     extern D:\Program Files\FreeRTOSv202112.00\FreeRTOS\Source\tasks.c
ulTaskGenericNotifyValueClear   0x002386    program     extern D:\Program Files\FreeRTOSv202112.00\FreeRTOS\Source\tasks.c
             uxListRemove   0x00539c    program     extern D:\Program Files\FreeRTOSv202112.00\FreeRTOS\Source\list.c
   uxQueueMessagesWaiting   0x003c9e    program     extern D:\Program Files\FreeRTOSv202112.00\FreeRTOS\Source\queue.c
uxQueueMessagesWaitingFromISR   0x003d68    program     extern D:\Program Files\FreeRTOSv202112.00\FreeRTOS\Source\queue.c
   uxQueueSpacesAvailable   0x003ce6    program     extern D:\Program Files\FreeRTOSv202112.00\FreeRTOS\Source\queue.c
   uxTaskGetNumberOfTasks   0x000e82    program     extern D:\Program Files\FreeRTOSv202112.00\FreeRTOS\Source\tasks.c
uxTaskResetEventItemValue   0x0016d2    program     extern D:\Program Files\FreeRTOSv202112.00\FreeRTOS\Source\tasks.c
   vCompeteingIntMathTask   0x0050e6    program     static D:\Program Files\FreeRTOSv202112.00\FreeRTOS\Demo\Common\Minimal\integer.c
             vErrorChecks   0x0055d2    program     static D:\Program Files\FreeRTOSv202112.00\FreeRTOS\Demo\PIC18_MPLAB\main1.c
          vListInitialise   0x0052ae    program     extern D:\Program Files\FreeRTOSv202112.00\FreeRTOS\Source\list.c
      vListInitialiseItem   0x0052d4    program     extern D:\Program Files\FreeRTOSv202112.00\FreeRTOS\Source\list.c
              vListInsert   0x005308    program     extern D:\Program Files\FreeRTOSv202112.00\FreeRTOS\Source\list.c
           vListInsertEnd   0x0052da    program     extern D:\Program Files\FreeRTOSv202112.00\FreeRTOS\Source\list.c
       vParTestInitialise   0x005774    program     extern D:\Program Files\FreeRTOSv202112.00\FreeRTOS\Demo\PIC18_MPLAB\ParTest\ParTest.c
           vParTestSetLED   0x00578e    program     extern D:\Program Files\FreeRTOSv202112.00\FreeRTOS\Demo\PIC18_MPLAB\ParTest\ParTest.c
        vParTestToggleLED   0x0057ec    program     extern D:\Program Files\FreeRTOSv202112.00\FreeRTOS\Demo\PIC18_MPLAB\ParTest\ParTest.c
     vPolledQueueConsumer   0x004f06    program     static D:\Program Files\FreeRTOSv202112.00\FreeRTOS\Demo\Common\Minimal\PollQ.c
     vPolledQueueProducer   0x004e34    program     static D:\Program Files\FreeRTOSv202112.00\FreeRTOS\Demo\Common\Minimal\PollQ.c
        vPortEndScheduler   0x0045d0    program     extern D:\Program Files\FreeRTOSv202112.00\FreeRTOS\Source\portable\MPLAB\PIC18F\port.c
                vPortFree   0x00573a    program     extern D:\Program Files\FreeRTOSv202112.00\FreeRTOS\Source\portable\MemMang\heap_1.c
    vPortInitialiseBlocks   0x005744    program     extern D:\Program Files\FreeRTOSv202112.00\FreeRTOS\Source\portable\MemMang\heap_1.c
               vPortYield   0x0045d2    program     extern D:\Program Files\FreeRTOSv202112.00\FreeRTOS\Source\portable\MPLAB\PIC18F\port.c
             vQueueDelete   0x003d72    program     extern D:\Program Files\FreeRTOSv202112.00\FreeRTOS\Source\queue.c
             vSerialClose   0x004c14    program     extern D:\Program Files\FreeRTOSv202112.00\FreeRTOS\Demo\PIC18_MPLAB\serial\serial.c
             vSerialRxISR   0x004c1a    program     extern D:\Program Files\FreeRTOSv202112.00\FreeRTOS\Demo\PIC18_MPLAB\serial\serial.c
             vSerialTxISR   0x004c9e    program     extern D:\Program Files\FreeRTOSv202112.00\FreeRTOS\Demo\PIC18_MPLAB\serial\serial.c
   vStartIntegerMathTasks   0x00506a    program     extern D:\Program Files\FreeRTOSv202112.00\FreeRTOS\Demo\Common\Minimal\integer.c
   vStartPolledQueueTasks   0x004dcc    program     extern D:\Program Files\FreeRTOSv202112.00\FreeRTOS\Demo\Common\Minimal\PollQ.c
               vTaskDelay   0x0007c4    program     extern D:\Program Files\FreeRTOSv202112.00\FreeRTOS\Source\tasks.c
              vTaskDelete   0x000568    program     extern D:\Program Files\FreeRTOSv202112.00\FreeRTOS\Source\tasks.c
        vTaskEndScheduler   0x000866    program     extern D:\Program Files\FreeRTOSv202112.00\FreeRTOS\Source\tasks.c
vTaskGenericNotifyGiveFromISR   0x002218    program     extern D:\Program Files\FreeRTOSv202112.00\FreeRTOS\Source\tasks.c
vTaskInternalSetTimeOutState   0x0013f6    program     extern D:\Program Files\FreeRTOSv202112.00\FreeRTOS\Source\tasks.c
         vTaskMissedYield   0x001566    program     extern D:\Program Files\FreeRTOSv202112.00\FreeRTOS\Source\tasks.c
[...]
                 DDRBbits   0x000f93       data     extern E:\3.46\pic18-lt\cxx-framework\src\traditional\proc\p18f4620.asm
                 DDRCbits   0x000f94       data     extern E:\3.46\pic18-lt\cxx-framework\src\traditional\proc\p18f4620.asm
                     DDRC   0x000f94       data     extern E:\3.46\pic18-lt\cxx-framework\src\traditional\proc\p18f4620.asm
                    TRISC   0x000f94       data     extern E:\3.46\pic18-lt\cxx-framework\src\traditional\proc\p18f4620.asm
                TRISCbits   0x000f94       data     extern E:\3.46\pic18-lt\cxx-framework\src\traditional\proc\p18f4620.asm
                     DDRD   0x000f95       data     extern E:\3.46\pic18-lt\cxx-framework\src\traditional\proc\p18f4620.asm
                 DDRDbits   0x000f95       data     extern E:\3.46\pic18-lt\cxx-framework\src\traditional\proc\p18f4620.asm
                TRISDbits   0x000f95       data     extern E:\3.46\pic18-lt\cxx-framework\src\traditional\proc\p18f4620.asm
                    TRISD   0x000f95       data     extern E:\3.46\pic18-lt\cxx-framework\src\traditional\proc\p18f4620.asm
                 DDREbits   0x000f96       data     extern E:\3.46\pic18-lt\cxx-framework\src\traditional\proc\p18f4620.asm
                     DDRE   0x000f96       data     extern E:\3.46\pic18-lt\cxx-framework\src\traditional\proc\p18f4620.asm
                TRISEbits   0x000f96       data     extern E:\3.46\pic18-lt\cxx-framework\src\traditional\proc\p18f4620.asm
                    TRISE   0x000f96       data     extern E:\3.46\pic18-lt\cxx-framework\src\traditional\proc\p18f4620.asm
                  OSCTUNE   0x000f9b       data     extern E:\3.46\pic18-lt\cxx-framework\src\traditional\proc\p18f4620.asm
              OSCTUNEbits   0x000f9b       data     extern E:\3.46\pic18-lt\cxx-framework\src\traditional\proc\p18f4620.asm
                     PIE1   0x000f9d       data     extern E:\3.46\pic18-lt\cxx-framework\src\traditional\proc\p18f4620.asm
                 PIE1bits   0x000f9d       data     extern E:\3.46\pic18-lt\cxx-framework\src\traditional\proc\p18f4620.asm
                     PIR1   0x000f9e       data     extern E:\3.46\pic18-lt\cxx-framework\src\traditional\proc\p18f4620.asm
                 PIR1bits   0x000f9e       data     extern E:\3.46\pic18-lt\cxx-framework\src\traditional\proc\p18f4620.asm
                     IPR1   0x000f9f       data     extern E:\3.46\pic18-lt\cxx-framework\src\traditional\proc\p18f4620.asm
                 IPR1bits   0x000f9f       data     extern E:\3.46\pic18-lt\cxx-framework\src\traditional\proc\p18f4620.asm
                 PIE2bits   0x000fa0       data     extern E:\3.46\pic18-lt\cxx-framework\src\traditional\proc\p18f4620.asm
                     PIE2   0x000fa0       data     extern E:\3.46\pic18-lt\cxx-framework\src\traditional\proc\p18f4620.asm
                     PIR2   0x000fa1       data     extern E:\3.46\pic18-lt\cxx-framework\src\traditional\proc\p18f4620.asm
                 PIR2bits   0x000fa1       data     extern E:\3.46\pic18-lt\cxx-framework\src\traditional\proc\p18f4620.asm
                     IPR2   0x000fa2       data     extern E:\3.46\pic18-lt\cxx-framework\src\traditional\proc\p18f4620.asm
                 IPR2bits   0x000fa2       data     extern E:\3.46\pic18-lt\cxx-framework\src\traditional\proc\p18f4620.asm
               EECON1bits   0x000fa6       data     extern E:\3.46\pic18-lt\cxx-framework\src\traditional\proc\p18f4620.asm
                   EECON1   0x000fa6       data     extern E:\3.46\pic18-lt\cxx-framework\src\traditional\proc\p18f4620.asm
                   EECON2   0x000fa7       data     extern E:\3.46\pic18-lt\cxx-framework\src\traditional\proc\p18f4620.asm
                   EEDATA   0x000fa8       data     extern E:\3.46\pic18-lt\cxx-framework\src\traditional\proc\p18f4620.asm
                    EEADR   0x000fa9       data     extern E:\3.46\pic18-lt\cxx-framework\src\traditional\proc\p18f4620.asm
                   EEADRH   0x000faa       data     extern E:\3.46\pic18-lt\cxx-framework\src\traditional\proc\p18f4620.asm
                    RCSTA   0x000fab       data     extern E:\3.46\pic18-lt\cxx-framework\src\traditional\proc\p18f4620.asm
                RCSTAbits   0x000fab       data     extern E:\3.46\pic18-lt\cxx-framework\src\traditional\proc\p18f4620.asm
                    TXSTA   0x000fac       data     extern E:\3.46\pic18-lt\cxx-framework\src\traditional\proc\p18f4620.asm
                TXSTAbits   0x000fac       data     extern E:\3.46\pic18-lt\cxx-framework\src\traditional\proc\p18f4620.asm
                    TXREG   0x000fad       data     extern E:\3.46\pic18-lt\cxx-framework\src\traditional\proc\p18f4620.asm
                    RCREG   0x000fae       data     extern E:\3.46\pic18-lt\cxx-framework\src\traditional\proc\p18f4620.asm
                    SPBRG   0x000faf       data     extern E:\3.46\pic18-lt\cxx-framework\src\traditional\proc\p18f4620.asm
                   SPBRGH   0x000fb0       data     extern E:\3.46\pic18-lt\cxx-framework\src\traditional\proc\p18f4620.asm
                T3CONbits   0x000fb1       data     extern E:\3.46\pic18-lt\cxx-framework\src\traditional\proc\p18f4620.asm
                    T3CON   0x000fb1       data     extern E:\3.46\pic18-lt\cxx-framework\src\traditional\proc\p18f4620.asm
                    TMR3L   0x000fb2       data     extern E:\3.46\pic18-lt\cxx-framework\src\traditional\proc\p18f4620.asm
                    TMR3H   0x000fb3       data     extern E:\3.46\pic18-lt\cxx-framework\src\traditional\proc\p18f4620.asm
                CMCONbits   0x000fb4       data     extern E:\3.46\pic18-lt\cxx-framework\src\traditional\proc\p18f4620.asm
                    CMCON   0x000fb4       data     extern E:\3.46\pic18-lt\cxx-framework\src\traditional\proc\p18f4620.asm
               CVRCONbits   0x000fb5       data     extern E:\3.46\pic18-lt\cxx-framework\src\traditional\proc\p18f4620.asm
                   CVRCON   0x000fb5       data     extern E:\3.46\pic18-lt\cxx-framework\src\traditional\proc\p18f4620.asm
                  ECCP1AS   0x000fb6       data     extern E:\3.46\pic18-lt\cxx-framework\src\traditional\proc\p18f4620.asm
              ECCP1ASbits   0x000fb6       data     extern E:\3.46\pic18-lt\cxx-framework\src\traditional\proc\p18f4620.asm
                  PWM1CON   0x000fb7       data     extern E:\3.46\pic18-lt\cxx-framework\src\traditional\proc\p18f4620.asm
              PWM1CONbits   0x000fb7       data     extern E:\3.46\pic18-lt\cxx-framework\src\traditional\proc\p18f4620.asm
                  BAUDCTL   0x000fb8       data     extern E:\3.46\pic18-lt\cxx-framework\src\traditional\proc\p18f4620.asm
              BAUDCONbits   0x000fb8       data     extern E:\3.46\pic18-lt\cxx-framework\src\traditional\proc\p18f4620.asm
                  BAUDCON   0x000fb8       data     extern E:\3.46\pic18-lt\cxx-framework\src\traditional\proc\p18f4620.asm
              BAUDCTLbits   0x000fb8       data     extern E:\3.46\pic18-lt\cxx-framework\src\traditional\proc\p18f4620.asm
                  CCP2CON   0x000fba       data     extern E:\3.46\pic18-lt\cxx-framework\src\traditional\proc\p18f4620.asm
              CCP2CONbits   0x000fba       data     extern E:\3.46\pic18-lt\cxx-framework\src\traditional\proc\p18f4620.asm
                   CCPR2L   0x000fbb       data     extern E:\3.46\pic18-lt\cxx-framework\src\traditional\proc\p18f4620.asm
                    CCPR2   0x000fbb       data     extern E:\3.46\pic18-lt\cxx-framework\src\traditional\proc\p18f4620.asm
                   CCPR2H   0x000fbc       data     extern E:\3.46\pic18-lt\cxx-framework\src\traditional\proc\p18f4620.asm
              CCP1CONbits   0x000fbd       data     extern E:\3.46\pic18-lt\cxx-framework\src\traditional\proc\p18f4620.asm
                  CCP1CON   0x000fbd       data     extern E:\3.46\pic18-lt\cxx-framework\src\traditional\proc\p18f4620.asm
                   CCPR1L   0x000fbe       data     extern E:\3.46\pic18-lt\cxx-framework\src\traditional\proc\p18f4620.asm
                    CCPR1   0x000fbe       data     extern E:\3.46\pic18-lt\cxx-framework\src\traditional\proc\p18f4620.asm
                   CCPR1H   0x000fbf       data     extern E:\3.46\pic18-lt\cxx-framework\src\traditional\proc\p18f4620.asm
                   ADCON2   0x000fc0       data     extern E:\3.46\pic18-lt\cxx-framework\src\traditional\proc\p18f4620.asm
               ADCON2bits   0x000fc0       data     extern E:\3.46\pic18-lt\cxx-framework\src\traditional\proc\p18f4620.asm
               ADCON1bits   0x000fc1       data     extern E:\3.46\pic18-lt\cxx-framework\src\traditional\proc\p18f4620.asm
                   ADCON1   0x000fc1       data     extern E:\3.46\pic18-lt\cxx-framework\src\traditional\proc\p18f4620.asm
                   ADCON0   0x000fc2       data     extern E:\3.46\pic18-lt\cxx-framework\src\traditional\proc\p18f4620.asm
               ADCON0bits   0x000fc2       data     extern E:\3.46\pic18-lt\cxx-framework\src\traditional\proc\p18f4620.asm
                    ADRES   0x000fc3       data     extern E:\3.46\pic18-lt\cxx-framework\src\traditional\proc\p18f4620.asm
                   ADRESL   0x000fc3       data     extern E:\3.46\pic18-lt\cxx-framework\src\traditional\proc\p18f4620.asm
                   ADRESH   0x000fc4       data     extern E:\3.46\pic18-lt\cxx-framework\src\traditional\proc\p18f4620.asm
                  SSPCON2   0x000fc5       data     extern E:\3.46\pic18-lt\cxx-framework\src\traditional\proc\p18f4620.asm
              SSPCON2bits   0x000fc5       data     extern E:\3.46\pic18-lt\cxx-framework\src\traditional\proc\p18f4620.asm
                  SSPCON1   0x000fc6       data     extern E:\3.46\pic18-lt\cxx-framework\src\traditional\proc\p18f4620.asm
              SSPCON1bits   0x000fc6       data     extern E:\3.46\pic18-lt\cxx-framework\src\traditional\proc\p18f4620.asm
                  SSPSTAT   0x000fc7       data     extern E:\3.46\pic18-lt\cxx-framework\src\traditional\proc\p18f4620.asm
              SSPSTATbits   0x000fc7       data     extern E:\3.46\pic18-lt\cxx-framework\src\traditional\proc\p18f4620.asm
                   SSPADD   0x000fc8       data     extern E:\3.46\pic18-lt\cxx-framework\src\traditional\proc\p18f4620.asm
                   SSPBUF   0x000fc9       data     extern E:\3.46\pic18-lt\cxx-framework\src\traditional\proc\p18f4620.asm
                T2CONbits   0x000fca       data     extern E:\3.46\pic18-lt\cxx-framework\src\traditional\proc\p18f4620.asm
                    T2CON   0x000fca       data     extern E:\3.46\pic18-lt\cxx-framework\src\traditional\proc\p18f4620.asm
                      PR2   0x000fcb       data     extern E:\3.46\pic18-lt\cxx-framework\src\traditional\proc\p18f4620.asm
                     TMR2   0x000fcc       data     extern E:\3.46\pic18-lt\cxx-framework\src\traditional\proc\p18f4620.asm
                T1CONbits   0x000fcd       data     extern E:\3.46\pic18-lt\cxx-framework\src\traditional\proc\p18f4620.asm
                    T1CON   0x000fcd       data     extern E:\3.46\pic18-lt\cxx-framework\src\traditional\proc\p18f4620.asm
                    TMR1L   0x000fce       data     extern E:\3.46\pic18-lt\cxx-framework\src\traditional\proc\p18f4620.asm
                    TMR1H   0x000fcf       data     extern E:\3.46\pic18-lt\cxx-framework\src\traditional\proc\p18f4620.asm
                     RCON   0x000fd0       data     extern E:\3.46\pic18-lt\cxx-framework\src\traditional\proc\p18f4620.asm
                 RCONbits   0x000fd0       data     extern E:\3.46\pic18-lt\cxx-framework\src\traditional\proc\p18f4620.asm
                   WDTCON   0x000fd1       data     extern E:\3.46\pic18-lt\cxx-framework\src\traditional\proc\p18f4620.asm
               WDTCONbits   0x000fd1       data     extern E:\3.46\pic18-lt\cxx-framework\src\traditional\proc\p18f4620.asm
               LVDCONbits   0x000fd2       data     extern E:\3.46\pic18-lt\cxx-framework\src\traditional\proc\p18f4620.asm
                   LVDCON   0x000fd2       data     extern E:\3.46\pic18-lt\cxx-framework\src\traditional\proc\p18f4620.asm
              HLVDCONbits   0x000fd2       data     extern E:\3.46\pic18-lt\cxx-framework\src\traditional\proc\p18f4620.asm
                  HLVDCON   0x000fd2       data     extern E:\3.46\pic18-lt\cxx-framework\src\traditional\proc\p18f4620.asm
               OSCCONbits   0x000fd3       data     extern E:\3.46\pic18-lt\cxx-framework\src\traditional\proc\p18f4620.asm
                   OSCCON   0x000fd3       data     extern E:\3.46\pic18-lt\cxx-framework\src\traditional\proc\p18f4620.asm
                    T0CON   0x000fd5       data     extern E:\3.46\pic18-lt\cxx-framework\src\traditional\proc\p18f4620.asm
                T0CONbits   0x000fd5       data     extern E:\3.46\pic18-lt\cxx-framework\src\traditional\proc\p18f4620.asm
                    TMR0L   0x000fd6       data     extern E:\3.46\pic18-lt\cxx-framework\src\traditional\proc\p18f4620.asm
                    TMR0H   0x000fd7       data     extern E:\3.46\pic18-lt\cxx-framework\src\traditional\proc\p18f4620.asm
               STATUSbits   0x000fd8       data     extern E:\3.46\pic18-lt\cxx-framework\src\traditional\proc\p18f4620.asm
                   STATUS   0x000fd8       data     extern E:\3.46\pic18-lt\cxx-framework\src\traditional\proc\p18f4620.asm
                    FSR2L   0x000fd9       data     extern E:\3.46\pic18-lt\cxx-framework\src\traditional\proc\p18f4620.asm
                     FSR2   0x000fd9       data     extern E:\3.46\pic18-lt\cxx-framework\src\traditional\proc\p18f4620.asm
                    FSR2H   0x000fda       data     extern E:\3.46\pic18-lt\cxx-framework\src\traditional\proc\p18f4620.asm
                   PLUSW2   0x000fdb       data     extern E:\3.46\pic18-lt\cxx-framework\src\traditional\proc\p18f4620.asm
                  PREINC2   0x000fdc       data     extern E:\3.46\pic18-lt\cxx-framework\src\traditional\proc\p18f4620.asm
                 POSTDEC2   0x000fdd       data     extern E:\3.46\pic18-lt\cxx-framework\src\traditional\proc\p18f4620.asm
                 POSTINC2   0x000fde       data     extern E:\3.46\pic18-lt\cxx-framework\src\traditional\proc\p18f4620.asm
                    INDF2   0x000fdf       data     extern E:\3.46\pic18-lt\cxx-framework\src\traditional\proc\p18f4620.asm
                      BSR   0x000fe0       data     extern E:\3.46\pic18-lt\cxx-framework\src\traditional\proc\p18f4620.asm
                    FSR1L   0x000fe1       data     extern E:\3.46\pic18-lt\cxx-framework\src\traditional\proc\p18f4620.asm
                     FSR1   0x000fe1       data     extern E:\3.46\pic18-lt\cxx-framework\src\traditional\proc\p18f4620.asm
                    FSR1H   0x000fe2       data     extern E:\3.46\pic18-lt\cxx-framework\src\traditional\proc\p18f4620.asm
                   PLUSW1   0x000fe3       data     extern E:\3.46\pic18-lt\cxx-framework\src\traditional\proc\p18f4620.asm
                  PREINC1   0x000fe4       data     extern E:\3.46\pic18-lt\cxx-framework\src\traditional\proc\p18f4620.asm
                 POSTDEC1   0x000fe5       data     extern E:\3.46\pic18-lt\cxx-framework\src\traditional\proc\p18f4620.asm
                 POSTINC1   0x000fe6       data     extern E:\3.46\pic18-lt\cxx-framework\src\traditional\proc\p18f4620.asm
                    INDF1   0x000fe7       data     extern E:\3.46\pic18-lt\cxx-framework\src\traditional\proc\p18f4620.asm
                        W   0x000fe8       data     extern E:\3.46\pic18-lt\cxx-framework\src\traditional\proc\p18f4620.asm
                     WREG   0x000fe8       data     extern E:\3.46\pic18-lt\cxx-framework\src\traditional\proc\p18f4620.asm
                     FSR0   0x000fe9       data     extern E:\3.46\pic18-lt\cxx-framework\src\traditional\proc\p18f4620.asm
                    FSR0L   0x000fe9       data     extern E:\3.46\pic18-lt\cxx-framework\src\traditional\proc\p18f4620.asm
                    FSR0H   0x000fea       data     extern E:\3.46\pic18-lt\cxx-framework\src\traditional\proc\p18f4620.asm
                   PLUSW0   0x000feb       data     extern E:\3.46\pic18-lt\cxx-framework\src\traditional\proc\p18f4620.asm
                  PREINC0   0x000fec       data     extern E:\3.46\pic18-lt\cxx-framework\src\traditional\proc\p18f4620.asm
                 POSTDEC0   0x000fed       data     extern E:\3.46\pic18-lt\cxx-framework\src\traditional\proc\p18f4620.asm
                 POSTINC0   0x000fee       data     extern E:\3.46\pic18-lt\cxx-framework\src\traditional\proc\p18f4620.asm
                    INDF0   0x000fef       data     extern E:\3.46\pic18-lt\cxx-framework\src\traditional\proc\p18f4620.asm
                  INTCON3   0x000ff0       data     extern E:\3.46\pic18-lt\cxx-framework\src\traditional\proc\p18f4620.asm
              INTCON3bits   0x000ff0       data     extern E:\3.46\pic18-lt\cxx-framework\src\traditional\proc\p18f4620.asm
              INTCON2bits   0x000ff1       data     extern E:\3.46\pic18-lt\cxx-framework\src\traditional\proc\p18f4620.asm
                  INTCON2   0x000ff1       data     extern E:\3.46\pic18-lt\cxx-framework\src\traditional\proc\p18f4620.asm
                   INTCON   0x000ff2       data     extern E:\3.46\pic18-lt\cxx-framework\src\traditional\proc\p18f4620.asm
               INTCONbits   0x000ff2       data     extern E:\3.46\pic18-lt\cxx-framework\src\traditional\proc\p18f4620.asm
                    PRODL   0x000ff3       data     extern E:\3.46\pic18-lt\cxx-framework\src\traditional\proc\p18f4620.asm
                     PROD   0x000ff3       data     extern E:\3.46\pic18-lt\cxx-framework\src\traditional\proc\p18f4620.asm
                    PRODH   0x000ff4       data     extern E:\3.46\pic18-lt\cxx-framework\src\traditional\proc\p18f4620.asm
                   TABLAT   0x000ff5       data     extern E:\3.46\pic18-lt\cxx-framework\src\traditional\proc\p18f4620.asm
                  TBLPTRL   0x000ff6       data     extern E:\3.46\pic18-lt\cxx-framework\src\traditional\proc\p18f4620.asm
                   TBLPTR   0x000ff6       data     extern E:\3.46\pic18-lt\cxx-framework\src\traditional\proc\p18f4620.asm
                  TBLPTRH   0x000ff7       data     extern E:\3.46\pic18-lt\cxx-framework\src\traditional\proc\p18f4620.asm
                  TBLPTRU   0x000ff8       data     extern E:\3.46\pic18-lt\cxx-framework\src\traditional\proc\p18f4620.asm
                       PC   0x000ff9       data     extern E:\3.46\pic18-lt\cxx-framework\src\traditional\proc\p18f4620.asm
                      PCL   0x000ff9       data     extern E:\3.46\pic18-lt\cxx-framework\src\traditional\proc\p18f4620.asm
                   PCLATH   0x000ffa       data     extern E:\3.46\pic18-lt\cxx-framework\src\traditional\proc\p18f4620.asm
                   PCLATU   0x000ffb       data     extern E:\3.46\pic18-lt\cxx-framework\src\traditional\proc\p18f4620.asm
                   STKPTR   0x000ffc       data     extern E:\3.46\pic18-lt\cxx-framework\src\traditional\proc\p18f4620.asm
               STKPTRbits   0x000ffc       data     extern E:\3.46\pic18-lt\cxx-framework\src\traditional\proc\p18f4620.asm
                     TOSL   0x000ffd       data     extern E:\3.46\pic18-lt\cxx-framework\src\traditional\proc\p18f4620.asm
                      TOS   0x000ffd       data     extern E:\3.46\pic18-lt\cxx-framework\src\traditional\proc\p18f4620.asm
                     TOSH   0x000ffe       data     extern E:\3.46\pic18-lt\cxx-framework\src\traditional\proc\p18f4620.asm
                     TOSU   0x000fff       data     extern E:\3.46\pic18-lt\cxx-framework\src\traditional\proc\p18f4620.asm


