MPLINK 5.00, LINKER
Linker Map File - Created Wed Nov 23 00:07:50 2022

                                 Section Info
                  Section       Type    Address   Location Size(Bytes)
                ---------  ---------  ---------  ---------  ---------
               _entry_scn       code   0x000000    program   0x000006
           .code___init.o       code   0x000006    program   0x000002
              high_vector       code   0x000008    program   0x00001e
                   .cinit    romdata   0x000026    program   0x000026
            .code_tasks.o       code   0x00004c    program   0x002ad2
            .code_queue.o       code   0x002b1e    program   0x001832
             .code_port.o       code   0x004350    program   0x00071e
           .code_serial.o       code   0x004a6e    program   0x000352
             .code_list.o       code   0x004dc0    program   0x000238
            .code_flash.o       code   0x004ff8    program   0x0001a0
            .code_main2.o       code   0x005198    program   0x000162
           .code_heap_1.o       code   0x0052fa    program   0x00010c
          .code_ParTest.o       code   0x005406    program   0x0000b4
               _cinit_scn       code   0x0054ba    program   0x00009e
                   STRING       code   0x005558    program   0x00008a
          .code_fxm3232.o       code   0x0055e2    program   0x000070
         .code_fxd3232u.o       code   0x005652    program   0x000048
           .code_t1open.o       code   0x00569a    program   0x000042
                     PROG       code   0x0056dc    program   0x00003c
         .code_fxd1616u.o       code   0x005718    program   0x00002c
                    .code       code   0x005744    program   0x000020
             _startup_scn       code   0x005764    program   0x00001c
         .code_fxd0808u.o       code   0x005780    program   0x00001c
             .stringtable    romdata   0x00579c    program   0x00000a
        .romdata_serial.o    romdata   0x0057a6    program   0x000000
      .romdata_fxd0808u.o    romdata   0x0057a6    program   0x000000
      .romdata_fxd1616u.o    romdata   0x0057a6    program   0x000000
         .romdata_c018i.o    romdata   0x0057a6    program   0x000000
        .romdata___init.o    romdata   0x0057a6    program   0x000000
       .romdata_ParTest.o    romdata   0x0057a6    program   0x000000
          .romdata_port.o    romdata   0x0057a6    program   0x000000
      .romdata_fxd3232u.o    romdata   0x0057a6    program   0x000000
         .idata_tasks.o_i    romdata   0x0057a6    program   0x000013
         .romdata_flash.o    romdata   0x0057a6    program   0x000000
         .romdata_tasks.o    romdata   0x0057a6    program   0x000000
        .romdata_heap_1.o    romdata   0x0057a6    program   0x000000
       .romdata_fxm3232.o    romdata   0x0057a6    program   0x000000
         .romdata_main2.o    romdata   0x0057a6    program   0x000000
          .romdata_list.o    romdata   0x0057a6    program   0x000000
        .romdata_t1open.o    romdata   0x0057a6    program   0x000000
         .romdata_queue.o    romdata   0x0057a6    program   0x000000
        .idata_t1open.o_i    romdata   0x0057b9    program   0x000000
        .idata_serial.o_i    romdata   0x0057b9    program   0x000000
         .idata_queue.o_i    romdata   0x0057b9    program   0x000000
          .idata_list.o_i    romdata   0x0057b9    program   0x000000
        .idata_heap_1.o_i    romdata   0x0057b9    program   0x000004
          .idata_port.o_i    romdata   0x0057b9    program   0x000000
         .idata_main2.o_i    romdata   0x0057b9    program   0x000000
       .idata_fxm3232.o_i    romdata   0x0057bd    program   0x000000
         .idata_flash.o_i    romdata   0x0057bd    program   0x000001
      .idata_fxd3232u.o_i    romdata   0x0057bd    program   0x000000
      .idata_fxd0808u.o_i    romdata   0x0057bd    program   0x000000
      .idata_fxd1616u.o_i    romdata   0x0057bd    program   0x000000
            .code_c018i.o       code   0x0057be    program   0x000000
        .idata___init.o_i    romdata   0x0057be    program   0x000000
       .idata_ParTest.o_i    romdata   0x0057be    program   0x000000
         .idata_c018i.o_i    romdata   0x0057be    program   0x000000
   .config_300001_main2.o    romdata   0x300001    program   0x000001
   .config_300002_main2.o    romdata   0x300002    program   0x000001
   .config_300003_main2.o    romdata   0x300003    program   0x000001
                MATH_DATA      udata   0x000000       data   0x000014
                 .tmpdata      udata   0x000014       data   0x000008
         vSerialTxISR_tmp      udata   0x00001c       data   0x000001
         vSerialRxISR_tmp      udata   0x00001d       data   0x000001
                   .stack      udata   0x000080       data   0x000100
          .udata_heap_1.o      udata   0x000180       data   0x000400
           .udata_tasks.o      udata   0x000580       data   0x00004c
           .idata_tasks.o      idata   0x0005cc       data   0x000013
           .udata_c018i.o      udata   0x0005df       data   0x00000a
          .udata_serial.o      udata   0x0005e9       data   0x000004
          .idata_heap_1.o      idata   0x0005ed       data   0x000004
           .idata_flash.o      idata   0x0005f1       data   0x000001
           .idata_main2.o      idata   0x0005f2       data   0x000000
          .idata___init.o      idata   0x0005f2       data   0x000000
          .udata___init.o      udata   0x0005f2       data   0x000000
          .idata_t1open.o      idata   0x0005f2       data   0x000000
          .udata_t1open.o      udata   0x0005f2       data   0x000000
         .idata_fxm3232.o      idata   0x0005f2       data   0x000000
         .udata_fxm3232.o      udata   0x0005f2       data   0x000000
        .idata_fxd3232u.o      idata   0x0005f2       data   0x000000
        .udata_fxd3232u.o      udata   0x0005f2       data   0x000000
        .idata_fxd1616u.o      idata   0x0005f2       data   0x000000
        .udata_fxd1616u.o      udata   0x0005f2       data   0x000000
        .idata_fxd0808u.o      idata   0x0005f2       data   0x000000
        .udata_fxd0808u.o      udata   0x0005f2       data   0x000000
            .idata_port.o      idata   0x0005f2       data   0x000000
            .udata_port.o      udata   0x0005f2       data   0x000000
          .idata_serial.o      idata   0x0005f2       data   0x000000
           .udata_flash.o      udata   0x0005f2       data   0x000000
           .udata_main2.o      udata   0x0005f2       data   0x000000
           .idata_c018i.o      idata   0x0005f2       data   0x000000
            .idata_list.o      idata   0x0005f2       data   0x000000
            .udata_list.o      udata   0x0005f2       data   0x000000
           .idata_queue.o      idata   0x0005f2       data   0x000000
           .udata_queue.o      udata   0x0005f2       data   0x000000
         .udata_ParTest.o      udata   0x0005f2       data   0x000000
         .idata_ParTest.o      idata   0x0005f2       data   0x000000
            SFR_UNBANKED0      udata   0x000f80       data   0x000080



                              Program Memory Usage 
                               Start         End      
                           ---------   ---------      
                            0x000000    0x0057bd      
                            0x300001    0x300003      
            22465 out of 66584 program addresses used, program memory utilization is 33%



                              Symbols - Sorted by Name
                     Name    Address   Location    Storage File                     
                ---------  ---------  ---------  --------- ---------                
                 FXD0808U   0x005780    program     extern E:\3.46\pic18-lt\cxx-framework\src\traditional\math\fxd0808u.c
                 FXD1616U   0x005718    program     extern E:\3.46\pic18-lt\cxx-framework\src\traditional\math\fxd1616u.c
                 FXD3232U   0x005652    program     extern E:\3.46\pic18-lt\cxx-framework\src\traditional\math\fxd3232u.c
                 FXM1616U   0x0056dc    program     extern E:\3.46\pic18-lt\cxx-framework\src\traditional\math\fxm1616u.asm
                  FXM3232   0x0055e2    program     extern E:\3.46\pic18-lt\cxx-framework\src\traditional\math\fxm3232.c
               OpenTimer1   0x00569a    program     extern E:\3.46\pic18-lt\cxx-framework\src\pmc_common\Timers\t1open.c
              _2jContinue   0x0055ce    program     static E:\3.46\pic18-lt\cxx-framework\src\traditional\stdclib\memset.asm
                   _3jEnd   0x0055d8    program     static E:\3.46\pic18-lt\cxx-framework\src\traditional\stdclib\memset.asm
              _4jContinue   0x00558c    program     static E:\3.46\pic18-lt\cxx-framework\src\traditional\stdclib\memcpy.asm
                   _5jEnd   0x005596    program     static E:\3.46\pic18-lt\cxx-framework\src\traditional\stdclib\memcpy.asm
           ___?:_lbl00003   0x002d44    program     static                          
           ___?:_lbl00004   0x002d42    program     static                          
           ___?:_lbl00028   0x003036    program     static                          
           ___?:_lbl00029   0x003034    program     static                          
           ___?:_lbl00033   0x00059e    program     static                          
           ___?:_lbl00034   0x000592    program     static                          
           ___?:_lbl00074   0x0008b6    program     static                          
           ___?:_lbl00075   0x0008b4    program     static                          
           ___?:_lbl00084   0x00342e    program     static                          
           ___?:_lbl00085   0x00342c    program     static                          
           ___?:_lbl00114   0x0036d2    program     static                          
           ___?:_lbl00115   0x0036d0    program     static                          
           ___?:_lbl00144   0x0039c0    program     static                          
           ___?:_lbl00145   0x0039be    program     static                          
           ___?:_lbl00213   0x003f20    program     static                          
           ___?:_lbl00214   0x003f1e    program     static                          
           ___?:_lbl00222   0x003fd8    program     static                          
           ___?:_lbl00223   0x003fd6    program     static                          
           ___?:_lbl00252   0x0022e6    program     static                          
           ___?:_lbl00253   0x0022da    program     static                          
           ___?:_lbl00258   0x0023be    program     static                          
           ___?:_lbl00259   0x0023b2    program     static                          
       ___case_0_lbl00214   0x001d8a    program     static                          
       ___case_1_lbl00208   0x001c7a    program     static                          
       ___case_2_lbl00209   0x001cbe    program     static                          
       ___case_3_lbl00210   0x001cf4    program     static                          
       ___case_4_lbl00213   0x001d38    program     static                          
      ___default_lbl00215   0x001d8c    program     static                          
           ___do_lbl00082   0x000db2    program     static                          
           ___do_lbl00083   0x000dca    program     static                          
           ___do_lbl00086   0x000d9a    program     static                          
         ___else_lbl00006   0x002d7e    program     static                          
         ___else_lbl00008   0x002d80    program     static                          
         ___else_lbl00008   0x0045b4    program     static                          
         ___else_lbl00010   0x002d82    program     static                          
         ___else_lbl00013   0x002de2    program     static                          
         ___else_lbl00016   0x00476e    program     static                          
         ___else_lbl00019   0x000310    program     static                          
         ___else_lbl00021   0x000350    program     static                          
         ___else_lbl00023   0x000352    program     static                          
         ___else_lbl00025   0x000312    program     static                          
         ___else_lbl00029   0x00492c    program     static                          
         ___else_lbl00029   0x00054a    program     static                          
         ___else_lbl00031   0x003070    program     static                          
         ___else_lbl00031   0x00054c    program     static                          
         ___else_lbl00033   0x00307e    program     static                          
         ___else_lbl00035   0x003072    program     static                          
         ___else_lbl00036   0x0005d4    program     static                          
         ___else_lbl00038   0x00061c    program     static                          
         ___else_lbl00039   0x0030c6    program     static                          
         ___else_lbl00040   0x000670    program     static                          
         ___else_lbl00041   0x0030a8    program     static                          
         ___else_lbl00043   0x00308a    program     static                          
         ___else_lbl00044   0x0006c6    program     static                          
         ___else_lbl00050   0x0031da    program     static                          
         ___else_lbl00052   0x0031f4    program     static                          
         ___else_lbl00080   0x000d62    program     static                          
         ___else_lbl00085   0x000da8    program     static                          
         ___else_lbl00087   0x003468    program     static                          
         ___else_lbl00088   0x000dd2    program     static                          
         ___else_lbl00089   0x00346a    program     static                          
         ___else_lbl00090   0x000de8    program     static                          
         ___else_lbl00093   0x0034b2    program     static                          
         ___else_lbl00093   0x000dea    program     static                          
         ___else_lbl00095   0x003494    program     static                          
         ___else_lbl00097   0x003476    program     static                          
         ___else_lbl00103   0x0035c6    program     static                          
         ___else_lbl00105   0x0035c8    program     static                          
         ___else_lbl00107   0x003618    program     static                          
         ___else_lbl00109   0x0035e2    program     static                          
         ___else_lbl00117   0x00370c    program     static                          
         ___else_lbl00119   0x00370e    program     static                          
         ___else_lbl00123   0x003756    program     static                          
         ___else_lbl00125   0x003738    program     static                          
         ___else_lbl00127   0x00371a    program     static                          
         ___else_lbl00133   0x003868    program     static                          
         ___else_lbl00135   0x00386a    program     static                          
         ___else_lbl00137   0x0038b4    program     static                          
         ___else_lbl00139   0x003882    program     static                          
         ___else_lbl00147   0x0039fa    program     static                          
         ___else_lbl00149   0x0039fc    program     static                          
         ___else_lbl00153   0x003a44    program     static                          
         ___else_lbl00155   0x003a26    program     static                          
         ___else_lbl00157   0x003a08    program     static                          
         ___else_lbl00158   0x001520    program     static                          
         ___else_lbl00160   0x0014c0    program     static                          
         ___else_lbl00163   0x003b54    program     static                          
         ___else_lbl00165   0x003b56    program     static                          
         ___else_lbl00167   0x003ba0    program     static                          
         ___else_lbl00169   0x003b6e    program     static                          
         ___else_lbl00186   0x0017b2    program     static                          
         ___else_lbl00188   0x0017b4    program     static                          
         ___else_lbl00191   0x00185c    program     static                          
         ___else_lbl00193   0x0018be    program     static                          
         ___else_lbl00197   0x001a20    program     static                          
         ___else_lbl00199   0x001a22    program     static                          
         ___else_lbl00203   0x001ac8    program     static                          
         ___else_lbl00212   0x001d84    program     static                          
         ___else_lbl00216   0x003f5a    program     static                          
         ___else_lbl00218   0x003f5c    program     static                          
         ___else_lbl00219   0x0020c6    program     static                          
         ___else_lbl00221   0x0020c8    program     static                          
         ___else_lbl00225   0x004012    program     static                          
         ___else_lbl00227   0x004018    program     static                          
         ___else_lbl00231   0x00407e    program     static                          
         ___else_lbl00238   0x0040fa    program     static                          
         ___else_lbl00255   0x002358    program     static                          
          ___for_lbl00006   0x00517e    program     static                          
          ___for_lbl00007   0x005180    program     static                          
          ___for_lbl00008   0x005126    program     static                          
          ___for_lbl00025   0x003210    program     static                          
          ___for_lbl00026   0x003212    program     static                          
          ___for_lbl00053   0x002f9e    program     static                          
          ___for_lbl00082   0x003618    program     static                          
          ___for_lbl00083   0x00361a    program     static                          
          ___for_lbl00110   0x0033a4    program     static                          
          ___for_lbl00112   0x0038b4    program     static                          
          ___for_lbl00113   0x0038b6    program     static                          
          ___for_lbl00140   0x00366c    program     static                          
          ___for_lbl00142   0x003ba0    program     static                          
          ___for_lbl00143   0x003ba2    program     static                          
          ___for_lbl00170   0x003908    program     static                          
           ___if_lbl00001   0x004b6c    program     static                          
           ___if_lbl00005   0x0050a6    program     static                          
           ___if_lbl00005   0x002d7e    program     static                          
           ___if_lbl00007   0x0045be    program     static                          
           ___if_lbl00007   0x002d80    program     static                          
           ___if_lbl00009   0x002dda    program     static                          
           ___if_lbl00011   0x002de0    program     static                          
           ___if_lbl00012   0x002de4    program     static                          
           ___if_lbl00015   0x004778    program     static                          
           ___if_lbl00018   0x000310    program     static                          
           ___if_lbl00018   0x000010    program     static                          
           ___if_lbl00019   0x000018    program     static                          
           ___if_lbl00020   0x000350    program     static                          
           ___if_lbl00020   0x000024    program     static                          
           ___if_lbl00021   0x000024    program     static                          
           ___if_lbl00022   0x000352    program     static                          
           ___if_lbl00024   0x000352    program     static                          
           ___if_lbl00025   0x00485c    program     static                          
           ___if_lbl00026   0x000390    program     static                          
           ___if_lbl00027   0x000516    program     static                          
           ___if_lbl00028   0x004936    program     static                          
           ___if_lbl00028   0x00054a    program     static                          
           ___if_lbl00030   0x003070    program     static                          
           ___if_lbl00030   0x00054c    program     static                          
           ___if_lbl00032   0x00307e    program     static                          
           ___if_lbl00034   0x00307e    program     static                          
           ___if_lbl00035   0x0005d4    program     static                          
           ___if_lbl00036   0x003084    program     static                          
           ___if_lbl00037   0x0030a2    program     static                          
           ___if_lbl00037   0x00061c    program     static                          
           ___if_lbl00038   0x0030c6    program     static                          
           ___if_lbl00039   0x000678    program     static                          
           ___if_lbl00040   0x0030c6    program     static                          
           ___if_lbl00041   0x00067e    program     static                          
           ___if_lbl00042   0x0006a4    program     static                          
           ___if_lbl00042   0x0030c6    program     static                          
           ___if_lbl00043   0x0006c6    program     static                          
           ___if_lbl00044   0x0030cc    program     static                          
           ___if_lbl00045   0x003106    program     static                          
           ___if_lbl00045   0x0006c6    program     static                          
           ___if_lbl00046   0x003136    program     static                          
           ___if_lbl00047   0x00313c    program     static                          
           ___if_lbl00048   0x0031d8    program     static                          
           ___if_lbl00049   0x0031f2    program     static                          
           ___if_lbl00051   0x003210    program     static                          
           ___if_lbl00076   0x000a08    program     static                          
           ___if_lbl00077   0x000b66    program     static                          
           ___if_lbl00078   0x000bc2    program     static                          
           ___if_lbl00079   0x000d62    program     static                          
           ___if_lbl00081   0x000d76    program     static                          
           ___if_lbl00084   0x000da8    program     static                          
           ___if_lbl00086   0x003468    program     static                          
           ___if_lbl00087   0x000dd2    program     static                          
           ___if_lbl00088   0x00346a    program     static                          
           ___if_lbl00089   0x000de8    program     static                          
           ___if_lbl00090   0x003470    program     static                          
           ___if_lbl00091   0x000de8    program     static                          
           ___if_lbl00091   0x00348e    program     static                          
           ___if_lbl00092   0x000dea    program     static                          
           ___if_lbl00092   0x0034b2    program     static                          
           ___if_lbl00094   0x000df0    program     static                          
           ___if_lbl00094   0x0034b2    program     static                          
           ___if_lbl00096   0x000e3a    program     static                          
           ___if_lbl00096   0x0034b2    program     static                          
           ___if_lbl00098   0x0034b8    program     static                          
           ___if_lbl00099   0x0034f2    program     static                          
           ___if_lbl00100   0x003522    program     static                          
           ___if_lbl00101   0x003528    program     static                          
           ___if_lbl00102   0x0035c6    program     static                          
           ___if_lbl00104   0x0035e0    program     static                          
           ___if_lbl00106   0x003618    program     static                          
           ___if_lbl00108   0x003618    program     static                          
           ___if_lbl00116   0x00370c    program     static                          
           ___if_lbl00118   0x00370e    program     static                          
           ___if_lbl00120   0x003714    program     static                          
           ___if_lbl00121   0x003732    program     static                          
           ___if_lbl00122   0x003756    program     static                          
           ___if_lbl00124   0x003756    program     static                          
           ___if_lbl00126   0x003756    program     static                          
           ___if_lbl00128   0x00375c    program     static                          
           ___if_lbl00129   0x003796    program     static                          
           ___if_lbl00130   0x0037c6    program     static                          
           ___if_lbl00131   0x0037cc    program     static                          
           ___if_lbl00132   0x003868    program     static                          
           ___if_lbl00134   0x003880    program     static                          
           ___if_lbl00136   0x0038b4    program     static                          
           ___if_lbl00138   0x0038b4    program     static                          
           ___if_lbl00146   0x0039fa    program     static                          
           ___if_lbl00148   0x0039fc    program     static                          
           ___if_lbl00150   0x003a02    program     static                          
           ___if_lbl00151   0x003a20    program     static                          
           ___if_lbl00152   0x003a44    program     static                          
           ___if_lbl00153   0x0013de    program     static                          
           ___if_lbl00154   0x003a44    program     static                          
           ___if_lbl00156   0x003a44    program     static                          
           ___if_lbl00157   0x001534    program     static                          
           ___if_lbl00158   0x003a4a    program     static                          
           ___if_lbl00159   0x003a84    program     static                          
           ___if_lbl00159   0x001534    program     static                          
           ___if_lbl00160   0x003ab4    program     static                          
           ___if_lbl00161   0x00153a    program     static                          
           ___if_lbl00161   0x003aba    program     static                          
           ___if_lbl00162   0x003b54    program     static                          
           ___if_lbl00164   0x003b6c    program     static                          
           ___if_lbl00166   0x003ba0    program     static                          
           ___if_lbl00168   0x003ba0    program     static                          
           ___if_lbl00176   0x00164c    program     static                          
           ___if_lbl00185   0x0017b2    program     static                          
           ___if_lbl00187   0x0017b4    program     static                          
           ___if_lbl00188   0x003cc8    program     static                          
           ___if_lbl00189   0x0017ba    program     static                          
           ___if_lbl00190   0x0018bc    program     static                          
           ___if_lbl00190   0x003d46    program     static                          
           ___if_lbl00192   0x0018be    program     static                          
           ___if_lbl00194   0x0018ee    program     static                          
           ___if_lbl00196   0x001a20    program     static                          
           ___if_lbl00198   0x001a22    program     static                          
           ___if_lbl00200   0x001a28    program     static                          
           ___if_lbl00201   0x001a96    program     static                          
           ___if_lbl00202   0x001b26    program     static                          
           ___if_lbl00204   0x001b56    program     static                          
           ___if_lbl00206   0x001c06    program     static                          
           ___if_lbl00211   0x001d88    program     static                          
           ___if_lbl00215   0x003f5a    program     static                          
           ___if_lbl00216   0x001eca    program     static                          
           ___if_lbl00217   0x001f26    program     static                          
           ___if_lbl00217   0x003f5e    program     static                          
           ___if_lbl00218   0x0020c6    program     static                          
           ___if_lbl00219   0x003f7e    program     static                          
           ___if_lbl00220   0x0020c8    program     static                          
           ___if_lbl00222   0x0020ce    program     static                          
           ___if_lbl00224   0x004012    program     static                          
           ___if_lbl00226   0x00401a    program     static                          
           ___if_lbl00228   0x004038    program     static                          
           ___if_lbl00230   0x004080    program     static                          
           ___if_lbl00232   0x004086    program     static                          
           ___if_lbl00237   0x0040fc    program     static                          
           ___if_lbl00239   0x004102    program     static                          
           ___if_lbl00254   0x00235c    program     static                          
           ___if_lbl00256   0x002362    program     static                          
           ___if_lbl00260   0x00246e    program     static                          
       ___return_lbl00000   0x004b72    program     static                          
       ___return_lbl00000   0x005698    program     static                          
       ___return_lbl00000   0x005650    program     static                          
       ___return_lbl00000   0x005742    program     static                          
       ___return_lbl00000   0x00579a    program     static                          
       ___return_lbl00000   0x002de8    program     static                          
       ___return_lbl00000   0x000004    program     static                          
       ___return_lbl00001   0x00577e    program     static                          
       ___return_lbl00002   0x005556    program     static                          
       ___return_lbl00004   0x0045c2    program     static                          
       ___return_lbl00004   0x005180    program     static                          
       ___return_lbl00010   0x004778    program     static                          
       ___return_lbl00017   0x000024    program     static                          
       ___return_lbl00017   0x00054c    program     static                          
       ___return_lbl00022   0x004936    program     static                          
       ___return_lbl00024   0x003212    program     static                          
       ___return_lbl00032   0x0006c6    program     static                          
       ___return_lbl00071   0x000df6    program     static                          
       ___return_lbl00081   0x00361a    program     static                          
       ___return_lbl00095   0x000e4c    program     static                          
       ___return_lbl00111   0x0038b6    program     static                          
       ___return_lbl00141   0x003ba2    program     static                          
       ___return_lbl00152   0x0013de    program     static                          
       ___return_lbl00155   0x00153e    program     static                          
       ___return_lbl00173   0x00165c    program     static                          
       ___return_lbl00184   0x001904    program     static                          
       ___return_lbl00187   0x003ccc    program     static                          
       ___return_lbl00189   0x003d4a    program     static                          
       ___return_lbl00195   0x001b5a    program     static                          
       ___return_lbl00205   0x0020d4    program     static                          
       ___return_lbl00210   0x004038    program     static                          
       ___return_lbl00229   0x00408a    program     static                          
       ___return_lbl00236   0x004106    program     static                          
       ___return_lbl00251   0x002368    program     static                          
       ___return_lbl00257   0x002498    program     static                          
   ___switchexit_lbl00207   0x001d8e    program     static                          
        ___while_lbl00005   0x0044fe    program     static                          
        ___while_lbl00006   0x004514    program     static                          
        ___while_lbl00011   0x00466e    program     static                          
        ___while_lbl00012   0x004684    program     static                          
        ___while_lbl00013   0x0046b8    program     static                          
        ___while_lbl00014   0x0046ce    program     static                          
        ___while_lbl00023   0x004822    program     static                          
        ___while_lbl00024   0x004838    program     static                          
        ___while_lbl00026   0x004876    program     static                          
        ___while_lbl00027   0x00488c    program     static                          
        ___while_lbl00072   0x0008aa    program     static                          
        ___while_lbl00073   0x000d64    program     static                          
        ___while_lbl00174   0x0015f0    program     static                          
        ___while_lbl00175   0x00165c    program     static                          
        ___while_lbl00211   0x003ee8    program     static                          
        ___while_lbl00212   0x003f62    program     static                          
        ___while_lbl00220   0x003f9e    program     static                          
        ___while_lbl00221   0x00401c    program     static                          
               __config_0   0x300001    program     static D:\Program Files\FreeRTOSv202112.00\FreeRTOS\Demo\PIC18_MPLAB\main2.c
               __config_1   0x300002    program     static D:\Program Files\FreeRTOSv202112.00\FreeRTOS\Demo\PIC18_MPLAB\main2.c
               __config_2   0x300003    program     static D:\Program Files\FreeRTOSv202112.00\FreeRTOS\Demo\PIC18_MPLAB\main2.c
                   __init   0x000006    program     extern E:\3.46\pic18-lt\cxx-framework\src\traditional\stdclib\__init.c
                   __pa_0   0x002536    program     static D:\Program Files\FreeRTOSv202112.00\FreeRTOS\Source\tasks.c
                   __pa_0   0x004f06    program     static D:\Program Files\FreeRTOSv202112.00\FreeRTOS\Source\list.c
                   __pa_0   0x0053fa    program     static D:\Program Files\FreeRTOSv202112.00\FreeRTOS\Source\portable\MemMang\heap_1.c
                   __pa_0   0x005298    program     static D:\Program Files\FreeRTOSv202112.00\FreeRTOS\Demo\PIC18_MPLAB\main2.c
                   __pa_0   0x0049d6    program     static D:\Program Files\FreeRTOSv202112.00\FreeRTOS\Source\portable\MPLAB\PIC18F\port.c
                   __pa_0   0x005486    program     static D:\Program Files\FreeRTOSv202112.00\FreeRTOS\Demo\PIC18_MPLAB\ParTest\ParTest.c
                   __pa_0   0x004d0a    program     static D:\Program Files\FreeRTOSv202112.00\FreeRTOS\Demo\PIC18_MPLAB\serial\serial.c
                   __pa_0   0x004130    program     static D:\Program Files\FreeRTOSv202112.00\FreeRTOS\Source\queue.c
                   __pa_1   0x00253c    program     static D:\Program Files\FreeRTOSv202112.00\FreeRTOS\Source\tasks.c
                   __pa_1   0x0049e4    program     static D:\Program Files\FreeRTOSv202112.00\FreeRTOS\Source\portable\MPLAB\PIC18F\port.c
                   __pa_1   0x00413e    program     static D:\Program Files\FreeRTOSv202112.00\FreeRTOS\Source\queue.c
                   __pa_1   0x004f14    program     static D:\Program Files\FreeRTOSv202112.00\FreeRTOS\Source\list.c
                   __pa_1   0x0052b2    program     static D:\Program Files\FreeRTOSv202112.00\FreeRTOS\Demo\PIC18_MPLAB\main2.c
                   __pa_1   0x0054a0    program     static D:\Program Files\FreeRTOSv202112.00\FreeRTOS\Demo\PIC18_MPLAB\ParTest\ParTest.c
                   __pa_1   0x004d3e    program     static D:\Program Files\FreeRTOSv202112.00\FreeRTOS\Demo\PIC18_MPLAB\serial\serial.c
                  __pa_10   0x0041c6    program     static D:\Program Files\FreeRTOSv202112.00\FreeRTOS\Source\queue.c
                  __pa_10   0x004a66    program     static D:\Program Files\FreeRTOSv202112.00\FreeRTOS\Source\portable\MPLAB\PIC18F\port.c
                  __pa_10   0x004f7e    program     static D:\Program Files\FreeRTOSv202112.00\FreeRTOS\Source\list.c
                  __pa_10   0x0025a6    program     static D:\Program Files\FreeRTOSv202112.00\FreeRTOS\Source\tasks.c
                 __pa_100   0x002a4a    program     static D:\Program Files\FreeRTOSv202112.00\FreeRTOS\Source\tasks.c
                 __pa_101   0x002a54    program     static D:\Program Files\FreeRTOSv202112.00\FreeRTOS\Source\tasks.c
                 __pa_102   0x002a5e    program     static D:\Program Files\FreeRTOSv202112.00\FreeRTOS\Source\tasks.c
                 __pa_103   0x002a64    program     static D:\Program Files\FreeRTOSv202112.00\FreeRTOS\Source\tasks.c
                 __pa_104   0x002a6c    program     static D:\Program Files\FreeRTOSv202112.00\FreeRTOS\Source\tasks.c
                 __pa_105   0x002a72    program     static D:\Program Files\FreeRTOSv202112.00\FreeRTOS\Source\tasks.c
                 __pa_106   0x002a7a    program     static D:\Program Files\FreeRTOSv202112.00\FreeRTOS\Source\tasks.c
                 __pa_107   0x002a80    program     static D:\Program Files\FreeRTOSv202112.00\FreeRTOS\Source\tasks.c
                 __pa_108   0x002a86    program     static D:\Program Files\FreeRTOSv202112.00\FreeRTOS\Source\tasks.c
                 __pa_109   0x002a90    program     static D:\Program Files\FreeRTOSv202112.00\FreeRTOS\Source\tasks.c
                  __pa_11   0x0025b4    program     static D:\Program Files\FreeRTOSv202112.00\FreeRTOS\Source\tasks.c
                  __pa_11   0x0041d4    program     static D:\Program Files\FreeRTOSv202112.00\FreeRTOS\Source\queue.c
                  __pa_11   0x004f88    program     static D:\Program Files\FreeRTOSv202112.00\FreeRTOS\Source\list.c
                 __pa_110   0x002a96    program     static D:\Program Files\FreeRTOSv202112.00\FreeRTOS\Source\tasks.c
                 __pa_111   0x002aa2    program     static D:\Program Files\FreeRTOSv202112.00\FreeRTOS\Source\tasks.c
                 __pa_112   0x002aac    program     static D:\Program Files\FreeRTOSv202112.00\FreeRTOS\Source\tasks.c
                 __pa_113   0x002ab6    program     static D:\Program Files\FreeRTOSv202112.00\FreeRTOS\Source\tasks.c
                 __pa_114   0x002ac8    program     static D:\Program Files\FreeRTOSv202112.00\FreeRTOS\Source\tasks.c
                 __pa_115   0x002ada    program     static D:\Program Files\FreeRTOSv202112.00\FreeRTOS\Source\tasks.c
                 __pa_116   0x002ae2    program     static D:\Program Files\FreeRTOSv202112.00\FreeRTOS\Source\tasks.c
                 __pa_117   0x002aea    program     static D:\Program Files\FreeRTOSv202112.00\FreeRTOS\Source\tasks.c
                 __pa_118   0x002af6    program     static D:\Program Files\FreeRTOSv202112.00\FreeRTOS\Source\tasks.c
                 __pa_119   0x002afc    program     static D:\Program Files\FreeRTOSv202112.00\FreeRTOS\Source\tasks.c
                  __pa_12   0x0025ce    program     static D:\Program Files\FreeRTOSv202112.00\FreeRTOS\Source\tasks.c
                  __pa_12   0x004f90    program     static D:\Program Files\FreeRTOSv202112.00\FreeRTOS\Source\list.c
                  __pa_12   0x0041e2    program     static D:\Program Files\FreeRTOSv202112.00\FreeRTOS\Source\queue.c
                 __pa_120   0x002b04    program     static D:\Program Files\FreeRTOSv202112.00\FreeRTOS\Source\tasks.c
                 __pa_121   0x002b0a    program     static D:\Program Files\FreeRTOSv202112.00\FreeRTOS\Source\tasks.c
                 __pa_122   0x002b14    program     static D:\Program Files\FreeRTOSv202112.00\FreeRTOS\Source\tasks.c
                  __pa_13   0x004fa8    program     static D:\Program Files\FreeRTOSv202112.00\FreeRTOS\Source\list.c
                  __pa_13   0x0041f6    program     static D:\Program Files\FreeRTOSv202112.00\FreeRTOS\Source\queue.c
                  __pa_13   0x0025dc    program     static D:\Program Files\FreeRTOSv202112.00\FreeRTOS\Source\tasks.c
                  __pa_14   0x004208    program     static D:\Program Files\FreeRTOSv202112.00\FreeRTOS\Source\queue.c
                  __pa_14   0x0025e6    program     static D:\Program Files\FreeRTOSv202112.00\FreeRTOS\Source\tasks.c
                  __pa_14   0x004fae    program     static D:\Program Files\FreeRTOSv202112.00\FreeRTOS\Source\list.c
                  __pa_15   0x004212    program     static D:\Program Files\FreeRTOSv202112.00\FreeRTOS\Source\queue.c
                  __pa_15   0x0025fe    program     static D:\Program Files\FreeRTOSv202112.00\FreeRTOS\Source\tasks.c
                  __pa_15   0x004fb4    program     static D:\Program Files\FreeRTOSv202112.00\FreeRTOS\Source\list.c
                  __pa_16   0x00260c    program     static D:\Program Files\FreeRTOSv202112.00\FreeRTOS\Source\tasks.c
                  __pa_16   0x00421c    program     static D:\Program Files\FreeRTOSv202112.00\FreeRTOS\Source\queue.c
                  __pa_16   0x004fba    program     static D:\Program Files\FreeRTOSv202112.00\FreeRTOS\Source\list.c
                  __pa_17   0x00261c    program     static D:\Program Files\FreeRTOSv202112.00\FreeRTOS\Source\tasks.c
                  __pa_17   0x00422c    program     static D:\Program Files\FreeRTOSv202112.00\FreeRTOS\Source\queue.c
                  __pa_17   0x004fc8    program     static D:\Program Files\FreeRTOSv202112.00\FreeRTOS\Source\list.c
                  __pa_18   0x002626    program     static D:\Program Files\FreeRTOSv202112.00\FreeRTOS\Source\tasks.c
                  __pa_18   0x00423a    program     static D:\Program Files\FreeRTOSv202112.00\FreeRTOS\Source\queue.c
                  __pa_18   0x004fd4    program     static D:\Program Files\FreeRTOSv202112.00\FreeRTOS\Source\list.c
                  __pa_19   0x004248    program     static D:\Program Files\FreeRTOSv202112.00\FreeRTOS\Source\queue.c
                  __pa_19   0x00262e    program     static D:\Program Files\FreeRTOSv202112.00\FreeRTOS\Source\tasks.c
                  __pa_19   0x004fde    program     static D:\Program Files\FreeRTOSv202112.00\FreeRTOS\Source\list.c
                   __pa_2   0x0052c4    program     static D:\Program Files\FreeRTOSv202112.00\FreeRTOS\Demo\PIC18_MPLAB\main2.c
                   __pa_2   0x004d72    program     static D:\Program Files\FreeRTOSv202112.00\FreeRTOS\Demo\PIC18_MPLAB\serial\serial.c
                   __pa_2   0x0054b0    program     static D:\Program Files\FreeRTOSv202112.00\FreeRTOS\Demo\PIC18_MPLAB\ParTest\ParTest.c
                   __pa_2   0x004f1c    program     static D:\Program Files\FreeRTOSv202112.00\FreeRTOS\Source\list.c
                   __pa_2   0x0049ee    program     static D:\Program Files\FreeRTOSv202112.00\FreeRTOS\Source\portable\MPLAB\PIC18F\port.c
                   __pa_2   0x00414c    program     static D:\Program Files\FreeRTOSv202112.00\FreeRTOS\Source\queue.c
                   __pa_2   0x002542    program     static D:\Program Files\FreeRTOSv202112.00\FreeRTOS\Source\tasks.c
                  __pa_20   0x004256    program     static D:\Program Files\FreeRTOSv202112.00\FreeRTOS\Source\queue.c
                  __pa_20   0x004fe4    program     static D:\Program Files\FreeRTOSv202112.00\FreeRTOS\Source\list.c
                  __pa_20   0x00263a    program     static D:\Program Files\FreeRTOSv202112.00\FreeRTOS\Source\tasks.c
                  __pa_21   0x004260    program     static D:\Program Files\FreeRTOSv202112.00\FreeRTOS\Source\queue.c
                  __pa_21   0x002648    program     static D:\Program Files\FreeRTOSv202112.00\FreeRTOS\Source\tasks.c
                  __pa_21   0x004ff0    program     static D:\Program Files\FreeRTOSv202112.00\FreeRTOS\Source\list.c
                  __pa_22   0x002656    program     static D:\Program Files\FreeRTOSv202112.00\FreeRTOS\Source\tasks.c
                  __pa_22   0x00427a    program     static D:\Program Files\FreeRTOSv202112.00\FreeRTOS\Source\queue.c
                  __pa_23   0x002666    program     static D:\Program Files\FreeRTOSv202112.00\FreeRTOS\Source\tasks.c
                  __pa_23   0x004282    program     static D:\Program Files\FreeRTOSv202112.00\FreeRTOS\Source\queue.c
                  __pa_24   0x00428a    program     static D:\Program Files\FreeRTOSv202112.00\FreeRTOS\Source\queue.c
                  __pa_24   0x002670    program     static D:\Program Files\FreeRTOSv202112.00\FreeRTOS\Source\tasks.c
                  __pa_25   0x002680    program     static D:\Program Files\FreeRTOSv202112.00\FreeRTOS\Source\tasks.c
                  __pa_25   0x00429c    program     static D:\Program Files\FreeRTOSv202112.00\FreeRTOS\Source\queue.c
                  __pa_26   0x0042b2    program     static D:\Program Files\FreeRTOSv202112.00\FreeRTOS\Source\queue.c
                  __pa_26   0x00269e    program     static D:\Program Files\FreeRTOSv202112.00\FreeRTOS\Source\tasks.c
                  __pa_27   0x0042ba    program     static D:\Program Files\FreeRTOSv202112.00\FreeRTOS\Source\queue.c
                  __pa_27   0x0026b0    program     static D:\Program Files\FreeRTOSv202112.00\FreeRTOS\Source\tasks.c
                  __pa_28   0x0042c2    program     static D:\Program Files\FreeRTOSv202112.00\FreeRTOS\Source\queue.c
                  __pa_28   0x0026ba    program     static D:\Program Files\FreeRTOSv202112.00\FreeRTOS\Source\tasks.c
                  __pa_29   0x0042ca    program     static D:\Program Files\FreeRTOSv202112.00\FreeRTOS\Source\queue.c
                  __pa_29   0x0026c8    program     static D:\Program Files\FreeRTOSv202112.00\FreeRTOS\Source\tasks.c
                   __pa_3   0x0052da    program     static D:\Program Files\FreeRTOSv202112.00\FreeRTOS\Demo\PIC18_MPLAB\main2.c
                   __pa_3   0x004d7e    program     static D:\Program Files\FreeRTOSv202112.00\FreeRTOS\Demo\PIC18_MPLAB\serial\serial.c
                   __pa_3   0x00415e    program     static D:\Program Files\FreeRTOSv202112.00\FreeRTOS\Source\queue.c
                   __pa_3   0x004f2a    program     static D:\Program Files\FreeRTOSv202112.00\FreeRTOS\Source\list.c
                   __pa_3   0x004a02    program     static D:\Program Files\FreeRTOSv202112.00\FreeRTOS\Source\portable\MPLAB\PIC18F\port.c
                   __pa_3   0x002548    program     static D:\Program Files\FreeRTOSv202112.00\FreeRTOS\Source\tasks.c
                  __pa_30   0x0042d2    program     static D:\Program Files\FreeRTOSv202112.00\FreeRTOS\Source\queue.c
                  __pa_30   0x0026d2    program     static D:\Program Files\FreeRTOSv202112.00\FreeRTOS\Source\tasks.c
                  __pa_31   0x0026ea    program     static D:\Program Files\FreeRTOSv202112.00\FreeRTOS\Source\tasks.c
                  __pa_31   0x0042da    program     static D:\Program Files\FreeRTOSv202112.00\FreeRTOS\Source\queue.c
                  __pa_32   0x0042e8    program     static D:\Program Files\FreeRTOSv202112.00\FreeRTOS\Source\queue.c
                  __pa_32   0x0026f6    program     static D:\Program Files\FreeRTOSv202112.00\FreeRTOS\Source\tasks.c
                  __pa_33   0x0042f0    program     static D:\Program Files\FreeRTOSv202112.00\FreeRTOS\Source\queue.c
                  __pa_33   0x002702    program     static D:\Program Files\FreeRTOSv202112.00\FreeRTOS\Source\tasks.c
                  __pa_34   0x002718    program     static D:\Program Files\FreeRTOSv202112.00\FreeRTOS\Source\tasks.c
                  __pa_34   0x0042f8    program     static D:\Program Files\FreeRTOSv202112.00\FreeRTOS\Source\queue.c
                  __pa_35   0x004304    program     static D:\Program Files\FreeRTOSv202112.00\FreeRTOS\Source\queue.c
                  __pa_35   0x002726    program     static D:\Program Files\FreeRTOSv202112.00\FreeRTOS\Source\tasks.c
                  __pa_36   0x00430c    program     static D:\Program Files\FreeRTOSv202112.00\FreeRTOS\Source\queue.c
                  __pa_36   0x00272c    program     static D:\Program Files\FreeRTOSv202112.00\FreeRTOS\Source\tasks.c
                  __pa_37   0x00273e    program     static D:\Program Files\FreeRTOSv202112.00\FreeRTOS\Source\tasks.c
                  __pa_37   0x004314    program     static D:\Program Files\FreeRTOSv202112.00\FreeRTOS\Source\queue.c
                  __pa_38   0x004320    program     static D:\Program Files\FreeRTOSv202112.00\FreeRTOS\Source\queue.c
                  __pa_38   0x00274c    program     static D:\Program Files\FreeRTOSv202112.00\FreeRTOS\Source\tasks.c
                  __pa_39   0x00432c    program     static D:\Program Files\FreeRTOSv202112.00\FreeRTOS\Source\queue.c
                  __pa_39   0x002758    program     static D:\Program Files\FreeRTOSv202112.00\FreeRTOS\Source\tasks.c
                   __pa_4   0x004166    program     static D:\Program Files\FreeRTOSv202112.00\FreeRTOS\Source\queue.c
                   __pa_4   0x004d8a    program     static D:\Program Files\FreeRTOSv202112.00\FreeRTOS\Demo\PIC18_MPLAB\serial\serial.c
                   __pa_4   0x004f3c    program     static D:\Program Files\FreeRTOSv202112.00\FreeRTOS\Source\list.c
                   __pa_4   0x00254e    program     static D:\Program Files\FreeRTOSv202112.00\FreeRTOS\Source\tasks.c
                   __pa_4   0x0052e4    program     static D:\Program Files\FreeRTOSv202112.00\FreeRTOS\Demo\PIC18_MPLAB\main2.c
                   __pa_4   0x004a0c    program     static D:\Program Files\FreeRTOSv202112.00\FreeRTOS\Source\portable\MPLAB\PIC18F\port.c
                  __pa_40   0x002762    program     static D:\Program Files\FreeRTOSv202112.00\FreeRTOS\Source\tasks.c
                  __pa_40   0x004336    program     static D:\Program Files\FreeRTOSv202112.00\FreeRTOS\Source\queue.c
                  __pa_41   0x00276c    program     static D:\Program Files\FreeRTOSv202112.00\FreeRTOS\Source\tasks.c
                  __pa_41   0x004342    program     static D:\Program Files\FreeRTOSv202112.00\FreeRTOS\Source\queue.c
                  __pa_42   0x00434a    program     static D:\Program Files\FreeRTOSv202112.00\FreeRTOS\Source\queue.c
                  __pa_42   0x002770    program     static D:\Program Files\FreeRTOSv202112.00\FreeRTOS\Source\tasks.c
                  __pa_43   0x00277a    program     static D:\Program Files\FreeRTOSv202112.00\FreeRTOS\Source\tasks.c
                  __pa_44   0x002782    program     static D:\Program Files\FreeRTOSv202112.00\FreeRTOS\Source\tasks.c
                  __pa_45   0x002792    program     static D:\Program Files\FreeRTOSv202112.00\FreeRTOS\Source\tasks.c
                  __pa_46   0x002796    program     static D:\Program Files\FreeRTOSv202112.00\FreeRTOS\Source\tasks.c
                  __pa_47   0x0027a4    program     static D:\Program Files\FreeRTOSv202112.00\FreeRTOS\Source\tasks.c
                  __pa_48   0x0027b2    program     static D:\Program Files\FreeRTOSv202112.00\FreeRTOS\Source\tasks.c
                  __pa_49   0x0027c0    program     static D:\Program Files\FreeRTOSv202112.00\FreeRTOS\Source\tasks.c
                   __pa_5   0x004d9a    program     static D:\Program Files\FreeRTOSv202112.00\FreeRTOS\Demo\PIC18_MPLAB\serial\serial.c
                   __pa_5   0x004f46    program     static D:\Program Files\FreeRTOSv202112.00\FreeRTOS\Source\list.c
                   __pa_5   0x00255a    program     static D:\Program Files\FreeRTOSv202112.00\FreeRTOS\Source\tasks.c
                   __pa_5   0x004a1e    program     static D:\Program Files\FreeRTOSv202112.00\FreeRTOS\Source\portable\MPLAB\PIC18F\port.c
                   __pa_5   0x004172    program     static D:\Program Files\FreeRTOSv202112.00\FreeRTOS\Source\queue.c
                  __pa_50   0x0027ca    program     static D:\Program Files\FreeRTOSv202112.00\FreeRTOS\Source\tasks.c
                  __pa_51   0x0027ce    program     static D:\Program Files\FreeRTOSv202112.00\FreeRTOS\Source\tasks.c
                  __pa_52   0x0027d4    program     static D:\Program Files\FreeRTOSv202112.00\FreeRTOS\Source\tasks.c
                  __pa_53   0x0027dc    program     static D:\Program Files\FreeRTOSv202112.00\FreeRTOS\Source\tasks.c
                  __pa_54   0x0027f0    program     static D:\Program Files\FreeRTOSv202112.00\FreeRTOS\Source\tasks.c
                  __pa_55   0x00281c    program     static D:\Program Files\FreeRTOSv202112.00\FreeRTOS\Source\tasks.c
                  __pa_56   0x002848    program     static D:\Program Files\FreeRTOSv202112.00\FreeRTOS\Source\tasks.c
                  __pa_57   0x002872    program     static D:\Program Files\FreeRTOSv202112.00\FreeRTOS\Source\tasks.c
                  __pa_58   0x002884    program     static D:\Program Files\FreeRTOSv202112.00\FreeRTOS\Source\tasks.c
                  __pa_59   0x00288e    program     static D:\Program Files\FreeRTOSv202112.00\FreeRTOS\Source\tasks.c
                   __pa_6   0x004f52    program     static D:\Program Files\FreeRTOSv202112.00\FreeRTOS\Source\list.c
                   __pa_6   0x004da8    program     static D:\Program Files\FreeRTOSv202112.00\FreeRTOS\Demo\PIC18_MPLAB\serial\serial.c
                   __pa_6   0x004a28    program     static D:\Program Files\FreeRTOSv202112.00\FreeRTOS\Source\portable\MPLAB\PIC18F\port.c
                   __pa_6   0x002566    program     static D:\Program Files\FreeRTOSv202112.00\FreeRTOS\Source\tasks.c
                   __pa_6   0x004180    program     static D:\Program Files\FreeRTOSv202112.00\FreeRTOS\Source\queue.c
                  __pa_60   0x002894    program     static D:\Program Files\FreeRTOSv202112.00\FreeRTOS\Source\tasks.c
                  __pa_61   0x0028a0    program     static D:\Program Files\FreeRTOSv202112.00\FreeRTOS\Source\tasks.c
                  __pa_62   0x0028a8    program     static D:\Program Files\FreeRTOSv202112.00\FreeRTOS\Source\tasks.c
                  __pa_63   0x0028ae    program     static D:\Program Files\FreeRTOSv202112.00\FreeRTOS\Source\tasks.c
                  __pa_64   0x0028ba    program     static D:\Program Files\FreeRTOSv202112.00\FreeRTOS\Source\tasks.c
                  __pa_65   0x0028c8    program     static D:\Program Files\FreeRTOSv202112.00\FreeRTOS\Source\tasks.c
                  __pa_66   0x0028d4    program     static D:\Program Files\FreeRTOSv202112.00\FreeRTOS\Source\tasks.c
                  __pa_67   0x0028d8    program     static D:\Program Files\FreeRTOSv202112.00\FreeRTOS\Source\tasks.c
                  __pa_68   0x0028e2    program     static D:\Program Files\FreeRTOSv202112.00\FreeRTOS\Source\tasks.c
                  __pa_69   0x0028ee    program     static D:\Program Files\FreeRTOSv202112.00\FreeRTOS\Source\tasks.c
                   __pa_7   0x002578    program     static D:\Program Files\FreeRTOSv202112.00\FreeRTOS\Source\tasks.c
                   __pa_7   0x004a36    program     static D:\Program Files\FreeRTOSv202112.00\FreeRTOS\Source\portable\MPLAB\PIC18F\port.c
                   __pa_7   0x004db2    program     static D:\Program Files\FreeRTOSv202112.00\FreeRTOS\Demo\PIC18_MPLAB\serial\serial.c
                   __pa_7   0x004f5c    program     static D:\Program Files\FreeRTOSv202112.00\FreeRTOS\Source\list.c
                   __pa_7   0x00419c    program     static D:\Program Files\FreeRTOSv202112.00\FreeRTOS\Source\queue.c
                  __pa_70   0x0028f6    program     static D:\Program Files\FreeRTOSv202112.00\FreeRTOS\Source\tasks.c
                  __pa_71   0x0028fe    program     static D:\Program Files\FreeRTOSv202112.00\FreeRTOS\Source\tasks.c
                  __pa_72   0x002904    program     static D:\Program Files\FreeRTOSv202112.00\FreeRTOS\Source\tasks.c
                  __pa_73   0x00290c    program     static D:\Program Files\FreeRTOSv202112.00\FreeRTOS\Source\tasks.c
                  __pa_74   0x00291a    program     static D:\Program Files\FreeRTOSv202112.00\FreeRTOS\Source\tasks.c
                  __pa_75   0x00292a    program     static D:\Program Files\FreeRTOSv202112.00\FreeRTOS\Source\tasks.c
                  __pa_76   0x002936    program     static D:\Program Files\FreeRTOSv202112.00\FreeRTOS\Source\tasks.c
                  __pa_77   0x00293e    program     static D:\Program Files\FreeRTOSv202112.00\FreeRTOS\Source\tasks.c
                  __pa_78   0x002944    program     static D:\Program Files\FreeRTOSv202112.00\FreeRTOS\Source\tasks.c
                  __pa_79   0x002952    program     static D:\Program Files\FreeRTOSv202112.00\FreeRTOS\Source\tasks.c
                   __pa_8   0x004a44    program     static D:\Program Files\FreeRTOSv202112.00\FreeRTOS\Source\portable\MPLAB\PIC18F\port.c
                   __pa_8   0x0041aa    program     static D:\Program Files\FreeRTOSv202112.00\FreeRTOS\Source\queue.c
                   __pa_8   0x002584    program     static D:\Program Files\FreeRTOSv202112.00\FreeRTOS\Source\tasks.c
                   __pa_8   0x004f6a    program     static D:\Program Files\FreeRTOSv202112.00\FreeRTOS\Source\list.c
                  __pa_80   0x00295e    program     static D:\Program Files\FreeRTOSv202112.00\FreeRTOS\Source\tasks.c
                  __pa_81   0x00296c    program     static D:\Program Files\FreeRTOSv202112.00\FreeRTOS\Source\tasks.c
                  __pa_82   0x00297a    program     static D:\Program Files\FreeRTOSv202112.00\FreeRTOS\Source\tasks.c
                  __pa_83   0x002982    program     static D:\Program Files\FreeRTOSv202112.00\FreeRTOS\Source\tasks.c
                  __pa_84   0x00298a    program     static D:\Program Files\FreeRTOSv202112.00\FreeRTOS\Source\tasks.c
                  __pa_85   0x002998    program     static D:\Program Files\FreeRTOSv202112.00\FreeRTOS\Source\tasks.c
                  __pa_86   0x0029a6    program     static D:\Program Files\FreeRTOSv202112.00\FreeRTOS\Source\tasks.c
                  __pa_87   0x0029b0    program     static D:\Program Files\FreeRTOSv202112.00\FreeRTOS\Source\tasks.c
                  __pa_88   0x0029ba    program     static D:\Program Files\FreeRTOSv202112.00\FreeRTOS\Source\tasks.c
                  __pa_89   0x0029c2    program     static D:\Program Files\FreeRTOSv202112.00\FreeRTOS\Source\tasks.c
                   __pa_9   0x0041b8    program     static D:\Program Files\FreeRTOSv202112.00\FreeRTOS\Source\queue.c
                   __pa_9   0x002598    program     static D:\Program Files\FreeRTOSv202112.00\FreeRTOS\Source\tasks.c
                   __pa_9   0x004f74    program     static D:\Program Files\FreeRTOSv202112.00\FreeRTOS\Source\list.c
                   __pa_9   0x004a60    program     static D:\Program Files\FreeRTOSv202112.00\FreeRTOS\Source\portable\MPLAB\PIC18F\port.c
                  __pa_90   0x0029cc    program     static D:\Program Files\FreeRTOSv202112.00\FreeRTOS\Source\tasks.c
                  __pa_91   0x0029d6    program     static D:\Program Files\FreeRTOSv202112.00\FreeRTOS\Source\tasks.c
                  __pa_92   0x0029e0    program     static D:\Program Files\FreeRTOSv202112.00\FreeRTOS\Source\tasks.c
                  __pa_93   0x0029f8    program     static D:\Program Files\FreeRTOSv202112.00\FreeRTOS\Source\tasks.c
                  __pa_94   0x002a00    program     static D:\Program Files\FreeRTOSv202112.00\FreeRTOS\Source\tasks.c
                  __pa_95   0x002a08    program     static D:\Program Files\FreeRTOSv202112.00\FreeRTOS\Source\tasks.c
                  __pa_96   0x002a1c    program     static D:\Program Files\FreeRTOSv202112.00\FreeRTOS\Source\tasks.c
                  __pa_97   0x002a30    program     static D:\Program Files\FreeRTOSv202112.00\FreeRTOS\Source\tasks.c
                  __pa_98   0x002a36    program     static D:\Program Files\FreeRTOSv202112.00\FreeRTOS\Source\tasks.c
                  __pa_99   0x002a3e    program     static D:\Program Files\FreeRTOSv202112.00\FreeRTOS\Source\tasks.c
               __string_0   0x00579c    program     static D:\Program Files\FreeRTOSv202112.00\FreeRTOS\Source\tasks.c
               __string_0   0x0057a1    program     static D:\Program Files\FreeRTOSv202112.00\FreeRTOS\Demo\Common\Minimal\flash.c
               __tmplbl_0   0x002bcc    program     static                          
               __tmplbl_1   0x002b84    program     static                          
              __tmplbl_10   0x004166    program     static                          
              __tmplbl_10   0x002578    program     static                          
              __tmplbl_11   0x0042d2    program     static                          
              __tmplbl_11   0x002578    program     static                          
              __tmplbl_12   0x004166    program     static                          
              __tmplbl_12   0x002578    program     static                          
              __tmplbl_13   0x002578    program     static                          
              __tmplbl_13   0x004166    program     static                          
              __tmplbl_14   0x003efa    program     static                          
              __tmplbl_15   0x003fb2    program     static                          
              __tmplbl_17   0x002578    program     static                          
              __tmplbl_18   0x002a72    program     static                          
              __tmplbl_19   0x002578    program     static                          
               __tmplbl_2   0x002b64    program     static                          
              __tmplbl_20   0x002578    program     static                          
              __tmplbl_21   0x002578    program     static                          
              __tmplbl_22   0x002578    program     static                          
              __tmplbl_23   0x002578    program     static                          
              __tmplbl_24   0x002578    program     static                          
              __tmplbl_25   0x002578    program     static                          
              __tmplbl_26   0x002578    program     static                          
               __tmplbl_4   0x0014aa    program     static                          
               __tmplbl_5   0x00147a    program     static                          
               __tmplbl_6   0x002a72    program     static                          
               __tmplbl_6   0x002fde    program     static                          
               __tmplbl_7   0x002a72    program     static                          
               __tmplbl_7   0x002fd6    program     static                          
               __tmplbl_8   0x002578    program     static                          
               __tmplbl_9   0x002578    program     static                          
            __zero_memory   0x005744    program     extern E:\3.46\pic18-lt\cxx-framework\src\traditional\proc\p18f4620.asm
                _do_cinit   0x0054ba    program     extern E:\3.46\pic18-lt\cxx-framework\src\traditional\startup\c018i.c
                   _entry   0x000000    program     extern E:\3.46\pic18-lt\cxx-framework\src\traditional\startup\c018i.c
                   _false   0x005694    program     static                          
                 _startup   0x005764    program     extern E:\3.46\pic18-lt\cxx-framework\src\traditional\startup\c018i.c
                compare_l   0x00575a    program     static E:\3.46\pic18-lt\cxx-framework\src\traditional\proc\p18f4620.asm
                copy_loop   0x00552c    program     static                          
            copy_one_byte   0x005532    program     static                          
                    delay   0x005198    program     extern D:\Program Files\FreeRTOSv202112.00\FreeRTOS\Demo\PIC18_MPLAB\main2.c
                     done   0x005556    program     static                          
             done_copying   0x005540    program     static                          
                  endloop   0x005796    program     static                          
                  endloop   0x00573e    program     static                          
                     jEnd   0x0055e0    program     static E:\3.46\pic18-lt\cxx-framework\src\traditional\stdclib\memset.asm
                     jEnd   0x00559c    program     static E:\3.46\pic18-lt\cxx-framework\src\traditional\stdclib\memcpy.asm
                    jLoop   0x0055c2    program     static E:\3.46\pic18-lt\cxx-framework\src\traditional\stdclib\memset.asm
                    jLoop   0x005580    program     static E:\3.46\pic18-lt\cxx-framework\src\traditional\stdclib\memcpy.asm
                     loop   0x005774    program     static                          
                     loop   0x005660    program     static                          
                     loop   0x005722    program     static                          
                     loop   0x005788    program     static                          
                   loop_h   0x005752    program     static E:\3.46\pic18-lt\cxx-framework\src\traditional\proc\p18f4620.asm
                   loop_l   0x00575c    program     static E:\3.46\pic18-lt\cxx-framework\src\traditional\proc\p18f4620.asm
                     main   0x0051d0    program     extern D:\Program Files\FreeRTOSv202112.00\FreeRTOS\Demo\PIC18_MPLAB\main2.c
                   memcpy   0x005558    program     extern E:\3.46\pic18-lt\cxx-framework\src\traditional\stdclib\memcpy.asm
                   memset   0x0055ae    program     extern E:\3.46\pic18-lt\cxx-framework\src\traditional\stdclib\memset.asm
            pcTaskGetName   0x000e7c    program     extern D:\Program Files\FreeRTOSv202112.00\FreeRTOS\Source\tasks.c
prvAddCurrentTaskToDelayedList   0x0024b0    program     static D:\Program Files\FreeRTOSv202112.00\FreeRTOS\Source\tasks.c
 prvAddNewTaskToReadyList   0x0002d2    program     static D:\Program Files\FreeRTOSv202112.00\FreeRTOS\Source\tasks.c
prvCheckTasksWaitingTermination   0x0015dc    program     static D:\Program Files\FreeRTOSv202112.00\FreeRTOS\Source\tasks.c
     prvCopyDataFromQueue   0x003e58    program     static D:\Program Files\FreeRTOSv202112.00\FreeRTOS\Source\queue.c
       prvCopyDataToQueue   0x003d82    program     static D:\Program Files\FreeRTOSv202112.00\FreeRTOS\Source\queue.c
             prvDeleteTCB   0x00166c    program     static D:\Program Files\FreeRTOSv202112.00\FreeRTOS\Source\tasks.c
              prvIdleTask   0x001562    program     static D:\Program Files\FreeRTOSv202112.00\FreeRTOS\Source\tasks.c
    prvInitialiseNewQueue   0x002f0a    program     static D:\Program Files\FreeRTOSv202112.00\FreeRTOS\Source\queue.c
     prvInitialiseNewTask   0x000132    program     static D:\Program Files\FreeRTOSv202112.00\FreeRTOS\Source\tasks.c
   prvInitialiseTaskLists   0x001576    program     static D:\Program Files\FreeRTOSv202112.00\FreeRTOS\Source\tasks.c
          prvIsQueueEmpty   0x004048    program     static D:\Program Files\FreeRTOSv202112.00\FreeRTOS\Source\queue.c
           prvIsQueueFull   0x0040aa    program     static D:\Program Files\FreeRTOSv202112.00\FreeRTOS\Source\queue.c
          prvLowInterrupt   0x000008    program     static D:\Program Files\FreeRTOSv202112.00\FreeRTOS\Source\portable\MPLAB\PIC18F\port.c
prvResetNextTaskUnblockTime   0x001692    program     static D:\Program Files\FreeRTOSv202112.00\FreeRTOS\Source\tasks.c
   prvSetupTimerInterrupt   0x004938    program     static D:\Program Files\FreeRTOSv202112.00\FreeRTOS\Source\portable\MPLAB\PIC18F\port.c
               prvTickISR   0x00477a    program     static D:\Program Files\FreeRTOSv202112.00\FreeRTOS\Source\portable\MPLAB\PIC18F\port.c
           prvUnlockQueue   0x003eb6    program     static D:\Program Files\FreeRTOSv202112.00\FreeRTOS\Source\queue.c
             pvPortMalloc   0x0052fa    program     extern D:\Program Files\FreeRTOSv202112.00\FreeRTOS\Source\portable\MemMang\heap_1.c
    pxPortInitialiseStack   0x004350    program     extern D:\Program Files\FreeRTOSv202112.00\FreeRTOS\Source\portable\MPLAB\PIC18F\port.c
                     test   0x0054d4    program     static                          
  ulTaskGenericNotifyTake   0x0016ec    program     extern D:\Program Files\FreeRTOSv202112.00\FreeRTOS\Source\tasks.c
ulTaskGenericNotifyValueClear   0x00237a    program     extern D:\Program Files\FreeRTOSv202112.00\FreeRTOS\Source\tasks.c
             uxListRemove   0x004eae    program     extern D:\Program Files\FreeRTOSv202112.00\FreeRTOS\Source\list.c
   uxQueueMessagesWaiting   0x003c92    program     extern D:\Program Files\FreeRTOSv202112.00\FreeRTOS\Source\queue.c
uxQueueMessagesWaitingFromISR   0x003d5c    program     extern D:\Program Files\FreeRTOSv202112.00\FreeRTOS\Source\queue.c
   uxQueueSpacesAvailable   0x003cda    program     extern D:\Program Files\FreeRTOSv202112.00\FreeRTOS\Source\queue.c
   uxTaskGetNumberOfTasks   0x000e76    program     extern D:\Program Files\FreeRTOSv202112.00\FreeRTOS\Source\tasks.c
uxTaskResetEventItemValue   0x0016c6    program     extern D:\Program Files\FreeRTOSv202112.00\FreeRTOS\Source\tasks.c
         vCalculationTask   0x0051d2    program     static D:\Program Files\FreeRTOSv202112.00\FreeRTOS\Demo\PIC18_MPLAB\main2.c
            vLEDFlashTask   0x005076    program     static D:\Program Files\FreeRTOSv202112.00\FreeRTOS\Demo\Common\Minimal\flash.c
          vListInitialise   0x004dc0    program     extern D:\Program Files\FreeRTOSv202112.00\FreeRTOS\Source\list.c
      vListInitialiseItem   0x004de6    program     extern D:\Program Files\FreeRTOSv202112.00\FreeRTOS\Source\list.c
              vListInsert   0x004e1a    program     extern D:\Program Files\FreeRTOSv202112.00\FreeRTOS\Source\list.c
           vListInsertEnd   0x004dec    program     extern D:\Program Files\FreeRTOSv202112.00\FreeRTOS\Source\list.c
       vParTestInitialise   0x005406    program     extern D:\Program Files\FreeRTOSv202112.00\FreeRTOS\Demo\PIC18_MPLAB\ParTest\ParTest.c
           vParTestSetLED   0x005408    program     extern D:\Program Files\FreeRTOSv202112.00\FreeRTOS\Demo\PIC18_MPLAB\ParTest\ParTest.c
        vParTestToggleLED   0x005466    program     extern D:\Program Files\FreeRTOSv202112.00\FreeRTOS\Demo\PIC18_MPLAB\ParTest\ParTest.c
        vPortEndScheduler   0x0045c4    program     extern D:\Program Files\FreeRTOSv202112.00\FreeRTOS\Source\portable\MPLAB\PIC18F\port.c
                vPortFree   0x0053cc    program     extern D:\Program Files\FreeRTOSv202112.00\FreeRTOS\Source\portable\MemMang\heap_1.c
    vPortInitialiseBlocks   0x0053d6    program     extern D:\Program Files\FreeRTOSv202112.00\FreeRTOS\Source\portable\MemMang\heap_1.c
               vPortYield   0x0045c6    program     extern D:\Program Files\FreeRTOSv202112.00\FreeRTOS\Source\portable\MPLAB\PIC18F\port.c
             vQueueDelete   0x003d66    program     extern D:\Program Files\FreeRTOSv202112.00\FreeRTOS\Source\queue.c
             vSerialClose   0x004c08    program     extern D:\Program Files\FreeRTOSv202112.00\FreeRTOS\Demo\PIC18_MPLAB\serial\serial.c
             vSerialRxISR   0x004c0e    program     extern D:\Program Files\FreeRTOSv202112.00\FreeRTOS\Demo\PIC18_MPLAB\serial\serial.c
             vSerialTxISR   0x004c92    program     extern D:\Program Files\FreeRTOSv202112.00\FreeRTOS\Demo\PIC18_MPLAB\serial\serial.c
      vStartLEDFlashTasks   0x004ff8    program     extern D:\Program Files\FreeRTOSv202112.00\FreeRTOS\Demo\Common\Minimal\flash.c
               vTaskDelay   0x0007b8    program     extern D:\Program Files\FreeRTOSv202112.00\FreeRTOS\Source\tasks.c
              vTaskDelete   0x00055c    program     extern D:\Program Files\FreeRTOSv202112.00\FreeRTOS\Source\tasks.c
        vTaskEndScheduler   0x00085a    program     extern D:\Program Files\FreeRTOSv202112.00\FreeRTOS\Source\tasks.c
vTaskGenericNotifyGiveFromISR   0x00220c    program     extern D:\Program Files\FreeRTOSv202112.00\FreeRTOS\Source\tasks.c
vTaskInternalSetTimeOutState   0x0013ea    program     extern D:\Program Files\FreeRTOSv202112.00\FreeRTOS\Source\tasks.c
         vTaskMissedYield   0x00155a    program     extern D:\Program Files\FreeRTOSv202112.00\FreeRTOS\Source\tasks.c
    vTaskPlaceOnEventList   0x001162    program     extern D:\Program Files\FreeRTOSv202112.00\FreeRTOS\Source\tasks.c
vTaskPlaceOnUnorderedEventList   0x00118a    program     extern D:\Program Files\FreeRTOSv202112.00\FreeRTOS\Source\tasks.c
vTaskRemoveFromUnorderedEventList   0x0012c8    program     extern D:\Program Files\FreeRTOSv202112.00\FreeRTOS\Source\tasks.c
     vTaskSetTimeOutState   0x00139c    program     extern D:\Program Files\FreeRTOSv202112.00\FreeRTOS\Source\tasks.c
      vTaskStartScheduler   0x0007f8    program     extern D:\Program Files\FreeRTOSv202112.00\FreeRTOS\Source\tasks.c
          vTaskSuspendAll   0x000864    program     extern D:\Program Files\FreeRTOSv202112.00\FreeRTOS\Source\tasks.c
       vTaskSwitchContext   0x0010e4    program     extern D:\Program Files\FreeRTOSv202112.00\FreeRTOS\Source\tasks.c
     xPortGetFreeHeapSize   0x0053de    program     extern D:\Program Files\FreeRTOSv202112.00\FreeRTOS\Source\portable\MemMang\heap_1.c
      xPortStartScheduler   0x0044e2    program     extern D:\Program Files\FreeRTOSv202112.00\FreeRTOS\Source\portable\MPLAB\PIC18F\port.c
      xQueueGenericCreate   0x002dfa    program     extern D:\Program Files\FreeRTOSv202112.00\FreeRTOS\Source\queue.c
       xQueueGenericReset   0x002b1e    program     extern D:\Program Files\FreeRTOSv202112.00\FreeRTOS\Source\queue.c
        xQueueGenericSend   0x002f68    program     extern D:\Program Files\FreeRTOSv202112.00\FreeRTOS\Source\queue.c
 xQueueGenericSendFromISR   0x00322e    program     extern D:\Program Files\FreeRTOSv202112.00\FreeRTOS\Source\queue.c
        xQueueGiveFromISR   0x0032dc    program     extern D:\Program Files\FreeRTOSv202112.00\FreeRTOS\Source\queue.c
xQueueIsQueueEmptyFromISR   0x004098    program     extern D:\Program Files\FreeRTOSv202112.00\FreeRTOS\Source\queue.c
 xQueueIsQueueFullFromISR   0x004114    program     extern D:\Program Files\FreeRTOSv202112.00\FreeRTOS\Source\queue.c
               xQueuePeek   0x0038d2    program     extern D:\Program Files\FreeRTOSv202112.00\FreeRTOS\Source\queue.c
        xQueuePeekFromISR   0x003c3e    program     extern D:\Program Files\FreeRTOSv202112.00\FreeRTOS\Source\queue.c
            xQueueReceive   0x00336e    program     extern D:\Program Files\FreeRTOSv202112.00\FreeRTOS\Source\queue.c
     xQueueReceiveFromISR   0x003bbe    program     extern D:\Program Files\FreeRTOSv202112.00\FreeRTOS\Source\queue.c
      xQueueSemaphoreTake   0x003636    program     extern D:\Program Files\FreeRTOSv202112.00\FreeRTOS\Source\queue.c
           xSerialGetChar   0x004b90    program     extern D:\Program Files\FreeRTOSv202112.00\FreeRTOS\Demo\PIC18_MPLAB\serial\serial.c
          xSerialPortInit   0x004b8a    program     extern D:\Program Files\FreeRTOSv202112.00\FreeRTOS\Demo\PIC18_MPLAB\serial\serial.c
   xSerialPortInitMinimal   0x004a6e    program     extern D:\Program Files\FreeRTOSv202112.00\FreeRTOS\Demo\PIC18_MPLAB\serial\serial.c
           xSerialPutChar   0x004bca    program     extern D:\Program Files\FreeRTOSv202112.00\FreeRTOS\Demo\PIC18_MPLAB\serial\serial.c
        xTaskCatchUpTicks   0x000ec2    program     extern D:\Program Files\FreeRTOSv202112.00\FreeRTOS\Source\tasks.c
     xTaskCheckForTimeOut   0x001408    program     extern D:\Program Files\FreeRTOSv202112.00\FreeRTOS\Source\tasks.c
              xTaskCreate   0x00004c    program     extern D:\Program Files\FreeRTOSv202112.00\FreeRTOS\Source\tasks.c
          xTaskDelayUntil   0x0006d6    program     extern D:\Program Files\FreeRTOSv202112.00\FreeRTOS\Source\tasks.c
       xTaskGenericNotify   0x001b68    program     extern D:\Program Files\FreeRTOSv202112.00\FreeRTOS\Source\tasks.c
xTaskGenericNotifyFromISR   0x0020f0    program     extern D:\Program Files\FreeRTOSv202112.00\FreeRTOS\Source\tasks.c
xTaskGenericNotifyStateClear   0x0022a8    program     extern D:\Program Files\FreeRTOSv202112.00\FreeRTOS\Source\tasks.c
   xTaskGenericNotifyWait   0x00191c    program     extern D:\Program Files\FreeRTOSv202112.00\FreeRTOS\Source\tasks.c
        xTaskGetTickCount   0x000e12    program     extern D:\Program Files\FreeRTOSv202112.00\FreeRTOS\Source\tasks.c
[...]
                TRISBbits   0x000f93       data     extern E:\3.46\pic18-lt\cxx-framework\src\traditional\proc\p18f4620.asm
                 DDRCbits   0x000f94       data     extern E:\3.46\pic18-lt\cxx-framework\src\traditional\proc\p18f4620.asm
                     DDRC   0x000f94       data     extern E:\3.46\pic18-lt\cxx-framework\src\traditional\proc\p18f4620.asm
                TRISCbits   0x000f94       data     extern E:\3.46\pic18-lt\cxx-framework\src\traditional\proc\p18f4620.asm
                    TRISC   0x000f94       data     extern E:\3.46\pic18-lt\cxx-framework\src\traditional\proc\p18f4620.asm
                TRISDbits   0x000f95       data     extern E:\3.46\pic18-lt\cxx-framework\src\traditional\proc\p18f4620.asm
                    TRISD   0x000f95       data     extern E:\3.46\pic18-lt\cxx-framework\src\traditional\proc\p18f4620.asm
                     DDRD   0x000f95       data     extern E:\3.46\pic18-lt\cxx-framework\src\traditional\proc\p18f4620.asm
                 DDRDbits   0x000f95       data     extern E:\3.46\pic18-lt\cxx-framework\src\traditional\proc\p18f4620.asm
                     DDRE   0x000f96       data     extern E:\3.46\pic18-lt\cxx-framework\src\traditional\proc\p18f4620.asm
                 DDREbits   0x000f96       data     extern E:\3.46\pic18-lt\cxx-framework\src\traditional\proc\p18f4620.asm
                TRISEbits   0x000f96       data     extern E:\3.46\pic18-lt\cxx-framework\src\traditional\proc\p18f4620.asm
                    TRISE   0x000f96       data     extern E:\3.46\pic18-lt\cxx-framework\src\traditional\proc\p18f4620.asm
                  OSCTUNE   0x000f9b       data     extern E:\3.46\pic18-lt\cxx-framework\src\traditional\proc\p18f4620.asm
              OSCTUNEbits   0x000f9b       data     extern E:\3.46\pic18-lt\cxx-framework\src\traditional\proc\p18f4620.asm
                     PIE1   0x000f9d       data     extern E:\3.46\pic18-lt\cxx-framework\src\traditional\proc\p18f4620.asm
                 PIE1bits   0x000f9d       data     extern E:\3.46\pic18-lt\cxx-framework\src\traditional\proc\p18f4620.asm
                     PIR1   0x000f9e       data     extern E:\3.46\pic18-lt\cxx-framework\src\traditional\proc\p18f4620.asm
                 PIR1bits   0x000f9e       data     extern E:\3.46\pic18-lt\cxx-framework\src\traditional\proc\p18f4620.asm
                     IPR1   0x000f9f       data     extern E:\3.46\pic18-lt\cxx-framework\src\traditional\proc\p18f4620.asm
                 IPR1bits   0x000f9f       data     extern E:\3.46\pic18-lt\cxx-framework\src\traditional\proc\p18f4620.asm
                     PIE2   0x000fa0       data     extern E:\3.46\pic18-lt\cxx-framework\src\traditional\proc\p18f4620.asm
                 PIE2bits   0x000fa0       data     extern E:\3.46\pic18-lt\cxx-framework\src\traditional\proc\p18f4620.asm
                 PIR2bits   0x000fa1       data     extern E:\3.46\pic18-lt\cxx-framework\src\traditional\proc\p18f4620.asm
                     PIR2   0x000fa1       data     extern E:\3.46\pic18-lt\cxx-framework\src\traditional\proc\p18f4620.asm
                     IPR2   0x000fa2       data     extern E:\3.46\pic18-lt\cxx-framework\src\traditional\proc\p18f4620.asm
                 IPR2bits   0x000fa2       data     extern E:\3.46\pic18-lt\cxx-framework\src\traditional\proc\p18f4620.asm
               EECON1bits   0x000fa6       data     extern E:\3.46\pic18-lt\cxx-framework\src\traditional\proc\p18f4620.asm
                   EECON1   0x000fa6       data     extern E:\3.46\pic18-lt\cxx-framework\src\traditional\proc\p18f4620.asm
                   EECON2   0x000fa7       data     extern E:\3.46\pic18-lt\cxx-framework\src\traditional\proc\p18f4620.asm
                   EEDATA   0x000fa8       data     extern E:\3.46\pic18-lt\cxx-framework\src\traditional\proc\p18f4620.asm
                    EEADR   0x000fa9       data     extern E:\3.46\pic18-lt\cxx-framework\src\traditional\proc\p18f4620.asm
                   EEADRH   0x000faa       data     extern E:\3.46\pic18-lt\cxx-framework\src\traditional\proc\p18f4620.asm
                    RCSTA   0x000fab       data     extern E:\3.46\pic18-lt\cxx-framework\src\traditional\proc\p18f4620.asm
                RCSTAbits   0x000fab       data     extern E:\3.46\pic18-lt\cxx-framework\src\traditional\proc\p18f4620.asm
                    TXSTA   0x000fac       data     extern E:\3.46\pic18-lt\cxx-framework\src\traditional\proc\p18f4620.asm
                TXSTAbits   0x000fac       data     extern E:\3.46\pic18-lt\cxx-framework\src\traditional\proc\p18f4620.asm
                    TXREG   0x000fad       data     extern E:\3.46\pic18-lt\cxx-framework\src\traditional\proc\p18f4620.asm
                    RCREG   0x000fae       data     extern E:\3.46\pic18-lt\cxx-framework\src\traditional\proc\p18f4620.asm
                    SPBRG   0x000faf       data     extern E:\3.46\pic18-lt\cxx-framework\src\traditional\proc\p18f4620.asm
                   SPBRGH   0x000fb0       data     extern E:\3.46\pic18-lt\cxx-framework\src\traditional\proc\p18f4620.asm
                T3CONbits   0x000fb1       data     extern E:\3.46\pic18-lt\cxx-framework\src\traditional\proc\p18f4620.asm
                    T3CON   0x000fb1       data     extern E:\3.46\pic18-lt\cxx-framework\src\traditional\proc\p18f4620.asm
                    TMR3L   0x000fb2       data     extern E:\3.46\pic18-lt\cxx-framework\src\traditional\proc\p18f4620.asm
                    TMR3H   0x000fb3       data     extern E:\3.46\pic18-lt\cxx-framework\src\traditional\proc\p18f4620.asm
                    CMCON   0x000fb4       data     extern E:\3.46\pic18-lt\cxx-framework\src\traditional\proc\p18f4620.asm
                CMCONbits   0x000fb4       data     extern E:\3.46\pic18-lt\cxx-framework\src\traditional\proc\p18f4620.asm
               CVRCONbits   0x000fb5       data     extern E:\3.46\pic18-lt\cxx-framework\src\traditional\proc\p18f4620.asm
                   CVRCON   0x000fb5       data     extern E:\3.46\pic18-lt\cxx-framework\src\traditional\proc\p18f4620.asm
                  ECCP1AS   0x000fb6       data     extern E:\3.46\pic18-lt\cxx-framework\src\traditional\proc\p18f4620.asm
              ECCP1ASbits   0x000fb6       data     extern E:\3.46\pic18-lt\cxx-framework\src\traditional\proc\p18f4620.asm
                  PWM1CON   0x000fb7       data     extern E:\3.46\pic18-lt\cxx-framework\src\traditional\proc\p18f4620.asm
              PWM1CONbits   0x000fb7       data     extern E:\3.46\pic18-lt\cxx-framework\src\traditional\proc\p18f4620.asm
              BAUDCONbits   0x000fb8       data     extern E:\3.46\pic18-lt\cxx-framework\src\traditional\proc\p18f4620.asm
                  BAUDCON   0x000fb8       data     extern E:\3.46\pic18-lt\cxx-framework\src\traditional\proc\p18f4620.asm
                  BAUDCTL   0x000fb8       data     extern E:\3.46\pic18-lt\cxx-framework\src\traditional\proc\p18f4620.asm
              BAUDCTLbits   0x000fb8       data     extern E:\3.46\pic18-lt\cxx-framework\src\traditional\proc\p18f4620.asm
              CCP2CONbits   0x000fba       data     extern E:\3.46\pic18-lt\cxx-framework\src\traditional\proc\p18f4620.asm
                  CCP2CON   0x000fba       data     extern E:\3.46\pic18-lt\cxx-framework\src\traditional\proc\p18f4620.asm
                    CCPR2   0x000fbb       data     extern E:\3.46\pic18-lt\cxx-framework\src\traditional\proc\p18f4620.asm
                   CCPR2L   0x000fbb       data     extern E:\3.46\pic18-lt\cxx-framework\src\traditional\proc\p18f4620.asm
                   CCPR2H   0x000fbc       data     extern E:\3.46\pic18-lt\cxx-framework\src\traditional\proc\p18f4620.asm
              CCP1CONbits   0x000fbd       data     extern E:\3.46\pic18-lt\cxx-framework\src\traditional\proc\p18f4620.asm
                  CCP1CON   0x000fbd       data     extern E:\3.46\pic18-lt\cxx-framework\src\traditional\proc\p18f4620.asm
                   CCPR1L   0x000fbe       data     extern E:\3.46\pic18-lt\cxx-framework\src\traditional\proc\p18f4620.asm
                    CCPR1   0x000fbe       data     extern E:\3.46\pic18-lt\cxx-framework\src\traditional\proc\p18f4620.asm
                   CCPR1H   0x000fbf       data     extern E:\3.46\pic18-lt\cxx-framework\src\traditional\proc\p18f4620.asm
                   ADCON2   0x000fc0       data     extern E:\3.46\pic18-lt\cxx-framework\src\traditional\proc\p18f4620.asm
               ADCON2bits   0x000fc0       data     extern E:\3.46\pic18-lt\cxx-framework\src\traditional\proc\p18f4620.asm
                   ADCON1   0x000fc1       data     extern E:\3.46\pic18-lt\cxx-framework\src\traditional\proc\p18f4620.asm
               ADCON1bits   0x000fc1       data     extern E:\3.46\pic18-lt\cxx-framework\src\traditional\proc\p18f4620.asm
                   ADCON0   0x000fc2       data     extern E:\3.46\pic18-lt\cxx-framework\src\traditional\proc\p18f4620.asm
               ADCON0bits   0x000fc2       data     extern E:\3.46\pic18-lt\cxx-framework\src\traditional\proc\p18f4620.asm
                    ADRES   0x000fc3       data     extern E:\3.46\pic18-lt\cxx-framework\src\traditional\proc\p18f4620.asm
                   ADRESL   0x000fc3       data     extern E:\3.46\pic18-lt\cxx-framework\src\traditional\proc\p18f4620.asm
                   ADRESH   0x000fc4       data     extern E:\3.46\pic18-lt\cxx-framework\src\traditional\proc\p18f4620.asm
                  SSPCON2   0x000fc5       data     extern E:\3.46\pic18-lt\cxx-framework\src\traditional\proc\p18f4620.asm
              SSPCON2bits   0x000fc5       data     extern E:\3.46\pic18-lt\cxx-framework\src\traditional\proc\p18f4620.asm
                  SSPCON1   0x000fc6       data     extern E:\3.46\pic18-lt\cxx-framework\src\traditional\proc\p18f4620.asm
              SSPCON1bits   0x000fc6       data     extern E:\3.46\pic18-lt\cxx-framework\src\traditional\proc\p18f4620.asm
                  SSPSTAT   0x000fc7       data     extern E:\3.46\pic18-lt\cxx-framework\src\traditional\proc\p18f4620.asm
              SSPSTATbits   0x000fc7       data     extern E:\3.46\pic18-lt\cxx-framework\src\traditional\proc\p18f4620.asm
                   SSPADD   0x000fc8       data     extern E:\3.46\pic18-lt\cxx-framework\src\traditional\proc\p18f4620.asm
                   SSPBUF   0x000fc9       data     extern E:\3.46\pic18-lt\cxx-framework\src\traditional\proc\p18f4620.asm
                T2CONbits   0x000fca       data     extern E:\3.46\pic18-lt\cxx-framework\src\traditional\proc\p18f4620.asm
                    T2CON   0x000fca       data     extern E:\3.46\pic18-lt\cxx-framework\src\traditional\proc\p18f4620.asm
                      PR2   0x000fcb       data     extern E:\3.46\pic18-lt\cxx-framework\src\traditional\proc\p18f4620.asm
                     TMR2   0x000fcc       data     extern E:\3.46\pic18-lt\cxx-framework\src\traditional\proc\p18f4620.asm
                T1CONbits   0x000fcd       data     extern E:\3.46\pic18-lt\cxx-framework\src\traditional\proc\p18f4620.asm
                    T1CON   0x000fcd       data     extern E:\3.46\pic18-lt\cxx-framework\src\traditional\proc\p18f4620.asm
                    TMR1L   0x000fce       data     extern E:\3.46\pic18-lt\cxx-framework\src\traditional\proc\p18f4620.asm
                    TMR1H   0x000fcf       data     extern E:\3.46\pic18-lt\cxx-framework\src\traditional\proc\p18f4620.asm
                 RCONbits   0x000fd0       data     extern E:\3.46\pic18-lt\cxx-framework\src\traditional\proc\p18f4620.asm
                     RCON   0x000fd0       data     extern E:\3.46\pic18-lt\cxx-framework\src\traditional\proc\p18f4620.asm
                   WDTCON   0x000fd1       data     extern E:\3.46\pic18-lt\cxx-framework\src\traditional\proc\p18f4620.asm
               WDTCONbits   0x000fd1       data     extern E:\3.46\pic18-lt\cxx-framework\src\traditional\proc\p18f4620.asm
                  HLVDCON   0x000fd2       data     extern E:\3.46\pic18-lt\cxx-framework\src\traditional\proc\p18f4620.asm
               LVDCONbits   0x000fd2       data     extern E:\3.46\pic18-lt\cxx-framework\src\traditional\proc\p18f4620.asm
                   LVDCON   0x000fd2       data     extern E:\3.46\pic18-lt\cxx-framework\src\traditional\proc\p18f4620.asm
              HLVDCONbits   0x000fd2       data     extern E:\3.46\pic18-lt\cxx-framework\src\traditional\proc\p18f4620.asm
                   OSCCON   0x000fd3       data     extern E:\3.46\pic18-lt\cxx-framework\src\traditional\proc\p18f4620.asm
               OSCCONbits   0x000fd3       data     extern E:\3.46\pic18-lt\cxx-framework\src\traditional\proc\p18f4620.asm
                    T0CON   0x000fd5       data     extern E:\3.46\pic18-lt\cxx-framework\src\traditional\proc\p18f4620.asm
                T0CONbits   0x000fd5       data     extern E:\3.46\pic18-lt\cxx-framework\src\traditional\proc\p18f4620.asm
                    TMR0L   0x000fd6       data     extern E:\3.46\pic18-lt\cxx-framework\src\traditional\proc\p18f4620.asm
                    TMR0H   0x000fd7       data     extern E:\3.46\pic18-lt\cxx-framework\src\traditional\proc\p18f4620.asm
                   STATUS   0x000fd8       data     extern E:\3.46\pic18-lt\cxx-framework\src\traditional\proc\p18f4620.asm
               STATUSbits   0x000fd8       data     extern E:\3.46\pic18-lt\cxx-framework\src\traditional\proc\p18f4620.asm
                    FSR2L   0x000fd9       data     extern E:\3.46\pic18-lt\cxx-framework\src\traditional\proc\p18f4620.asm
                     FSR2   0x000fd9       data     extern E:\3.46\pic18-lt\cxx-framework\src\traditional\proc\p18f4620.asm
                    FSR2H   0x000fda       data     extern E:\3.46\pic18-lt\cxx-framework\src\traditional\proc\p18f4620.asm
                   PLUSW2   0x000fdb       data     extern E:\3.46\pic18-lt\cxx-framework\src\traditional\proc\p18f4620.asm
                  PREINC2   0x000fdc       data     extern E:\3.46\pic18-lt\cxx-framework\src\traditional\proc\p18f4620.asm
                 POSTDEC2   0x000fdd       data     extern E:\3.46\pic18-lt\cxx-framework\src\traditional\proc\p18f4620.asm
                 POSTINC2   0x000fde       data     extern E:\3.46\pic18-lt\cxx-framework\src\traditional\proc\p18f4620.asm
                    INDF2   0x000fdf       data     extern E:\3.46\pic18-lt\cxx-framework\src\traditional\proc\p18f4620.asm
                      BSR   0x000fe0       data     extern E:\3.46\pic18-lt\cxx-framework\src\traditional\proc\p18f4620.asm
                    FSR1L   0x000fe1       data     extern E:\3.46\pic18-lt\cxx-framework\src\traditional\proc\p18f4620.asm
                     FSR1   0x000fe1       data     extern E:\3.46\pic18-lt\cxx-framework\src\traditional\proc\p18f4620.asm
                    FSR1H   0x000fe2       data     extern E:\3.46\pic18-lt\cxx-framework\src\traditional\proc\p18f4620.asm
                   PLUSW1   0x000fe3       data     extern E:\3.46\pic18-lt\cxx-framework\src\traditional\proc\p18f4620.asm
                  PREINC1   0x000fe4       data     extern E:\3.46\pic18-lt\cxx-framework\src\traditional\proc\p18f4620.asm
                 POSTDEC1   0x000fe5       data     extern E:\3.46\pic18-lt\cxx-framework\src\traditional\proc\p18f4620.asm
                 POSTINC1   0x000fe6       data     extern E:\3.46\pic18-lt\cxx-framework\src\traditional\proc\p18f4620.asm
                    INDF1   0x000fe7       data     extern E:\3.46\pic18-lt\cxx-framework\src\traditional\proc\p18f4620.asm
                        W   0x000fe8       data     extern E:\3.46\pic18-lt\cxx-framework\src\traditional\proc\p18f4620.asm
                     WREG   0x000fe8       data     extern E:\3.46\pic18-lt\cxx-framework\src\traditional\proc\p18f4620.asm
                     FSR0   0x000fe9       data     extern E:\3.46\pic18-lt\cxx-framework\src\traditional\proc\p18f4620.asm
                    FSR0L   0x000fe9       data     extern E:\3.46\pic18-lt\cxx-framework\src\traditional\proc\p18f4620.asm
                    FSR0H   0x000fea       data     extern E:\3.46\pic18-lt\cxx-framework\src\traditional\proc\p18f4620.asm
                   PLUSW0   0x000feb       data     extern E:\3.46\pic18-lt\cxx-framework\src\traditional\proc\p18f4620.asm
                  PREINC0   0x000fec       data     extern E:\3.46\pic18-lt\cxx-framework\src\traditional\proc\p18f4620.asm
                 POSTDEC0   0x000fed       data     extern E:\3.46\pic18-lt\cxx-framework\src\traditional\proc\p18f4620.asm
                 POSTINC0   0x000fee       data     extern E:\3.46\pic18-lt\cxx-framework\src\traditional\proc\p18f4620.asm
                    INDF0   0x000fef       data     extern E:\3.46\pic18-lt\cxx-framework\src\traditional\proc\p18f4620.asm
              INTCON3bits   0x000ff0       data     extern E:\3.46\pic18-lt\cxx-framework\src\traditional\proc\p18f4620.asm
                  INTCON3   0x000ff0       data     extern E:\3.46\pic18-lt\cxx-framework\src\traditional\proc\p18f4620.asm
              INTCON2bits   0x000ff1       data     extern E:\3.46\pic18-lt\cxx-framework\src\traditional\proc\p18f4620.asm
                  INTCON2   0x000ff1       data     extern E:\3.46\pic18-lt\cxx-framework\src\traditional\proc\p18f4620.asm
               INTCONbits   0x000ff2       data     extern E:\3.46\pic18-lt\cxx-framework\src\traditional\proc\p18f4620.asm
                   INTCON   0x000ff2       data     extern E:\3.46\pic18-lt\cxx-framework\src\traditional\proc\p18f4620.asm
                     PROD   0x000ff3       data     extern E:\3.46\pic18-lt\cxx-framework\src\traditional\proc\p18f4620.asm
                    PRODL   0x000ff3       data     extern E:\3.46\pic18-lt\cxx-framework\src\traditional\proc\p18f4620.asm
                    PRODH   0x000ff4       data     extern E:\3.46\pic18-lt\cxx-framework\src\traditional\proc\p18f4620.asm
                   TABLAT   0x000ff5       data     extern E:\3.46\pic18-lt\cxx-framework\src\traditional\proc\p18f4620.asm
                  TBLPTRL   0x000ff6       data     extern E:\3.46\pic18-lt\cxx-framework\src\traditional\proc\p18f4620.asm
                   TBLPTR   0x000ff6       data     extern E:\3.46\pic18-lt\cxx-framework\src\traditional\proc\p18f4620.asm
                  TBLPTRH   0x000ff7       data     extern E:\3.46\pic18-lt\cxx-framework\src\traditional\proc\p18f4620.asm
                  TBLPTRU   0x000ff8       data     extern E:\3.46\pic18-lt\cxx-framework\src\traditional\proc\p18f4620.asm
                      PCL   0x000ff9       data     extern E:\3.46\pic18-lt\cxx-framework\src\traditional\proc\p18f4620.asm
                       PC   0x000ff9       data     extern E:\3.46\pic18-lt\cxx-framework\src\traditional\proc\p18f4620.asm
                   PCLATH   0x000ffa       data     extern E:\3.46\pic18-lt\cxx-framework\src\traditional\proc\p18f4620.asm
                   PCLATU   0x000ffb       data     extern E:\3.46\pic18-lt\cxx-framework\src\traditional\proc\p18f4620.asm
                   STKPTR   0x000ffc       data     extern E:\3.46\pic18-lt\cxx-framework\src\traditional\proc\p18f4620.asm
               STKPTRbits   0x000ffc       data     extern E:\3.46\pic18-lt\cxx-framework\src\traditional\proc\p18f4620.asm
                     TOSL   0x000ffd       data     extern E:\3.46\pic18-lt\cxx-framework\src\traditional\proc\p18f4620.asm
                      TOS   0x000ffd       data     extern E:\3.46\pic18-lt\cxx-framework\src\traditional\proc\p18f4620.asm
                     TOSH   0x000ffe       data     extern E:\3.46\pic18-lt\cxx-framework\src\traditional\proc\p18f4620.asm
                     TOSU   0x000fff       data     extern E:\3.46\pic18-lt\cxx-framework\src\traditional\proc\p18f4620.asm


